Component: Arm Compiler for Embedded 6.24 Tool: armlink [5f371500]

==============================================================================

Section Cross References

    startup_stm32f103xb.o(RESET) refers to startup_stm32f103xb.o(STACK) for __initial_sp
    startup_stm32f103xb.o(RESET) refers to startup_stm32f103xb.o(.text) for Reset_Handler
    startup_stm32f103xb.o(RESET) refers to stm32f1xx_it.o(.text.NMI_Handler) for NMI_Handler
    startup_stm32f103xb.o(RESET) refers to stm32f1xx_it.o(.text.HardFault_Handler) for HardFault_Handler
    startup_stm32f103xb.o(RESET) refers to stm32f1xx_it.o(.text.MemManage_Handler) for MemManage_Handler
    startup_stm32f103xb.o(RESET) refers to stm32f1xx_it.o(.text.BusFault_Handler) for BusFault_Handler
    startup_stm32f103xb.o(RESET) refers to stm32f1xx_it.o(.text.UsageFault_Handler) for UsageFault_Handler
    startup_stm32f103xb.o(RESET) refers to stm32f1xx_it.o(.text.SVC_Handler) for SVC_Handler
    startup_stm32f103xb.o(RESET) refers to stm32f1xx_it.o(.text.DebugMon_Handler) for DebugMon_Handler
    startup_stm32f103xb.o(RESET) refers to stm32f1xx_it.o(.text.PendSV_Handler) for PendSV_Handler
    startup_stm32f103xb.o(RESET) refers to stm32f1xx_it.o(.text.SysTick_Handler) for SysTick_Handler
    startup_stm32f103xb.o(RESET) refers to stm32f1xx_it.o(.text.DMA1_Channel2_IRQHandler) for DMA1_Channel2_IRQHandler
    startup_stm32f103xb.o(RESET) refers to stm32f1xx_it.o(.text.DMA1_Channel3_IRQHandler) for DMA1_Channel3_IRQHandler
    startup_stm32f103xb.o(RESET) refers to stm32f1xx_it.o(.text.ADC1_2_IRQHandler) for ADC1_2_IRQHandler
    startup_stm32f103xb.o(RESET) refers to stm32f1xx_it.o(.text.USB_LP_CAN1_RX0_IRQHandler) for USB_LP_CAN1_RX0_IRQHandler
    startup_stm32f103xb.o(RESET) refers to stm32f1xx_it.o(.text.TIM2_IRQHandler) for TIM2_IRQHandler
    startup_stm32f103xb.o(RESET) refers to stm32f1xx_it.o(.text.USART2_IRQHandler) for USART2_IRQHandler
    startup_stm32f103xb.o(.text) refers to system_stm32f1xx.o(.text.SystemInit) for SystemInit
    startup_stm32f103xb.o(.text) refers to entry.o(.ARM.Collect$$$$00000000) for __main
    main.o(.text.main) refers to stm32f1xx_hal.o(.text.HAL_Init) for HAL_Init
    main.o(.text.main) refers to stm32f1xx_hal_rcc.o(.text.HAL_RCC_OscConfig) for HAL_RCC_OscConfig
    main.o(.text.main) refers to stm32f1xx_hal_rcc.o(.text.HAL_RCC_ClockConfig) for HAL_RCC_ClockConfig
    main.o(.text.main) refers to stm32f1xx_hal_rcc_ex.o(.text.HAL_RCCEx_PeriphCLKConfig) for HAL_RCCEx_PeriphCLKConfig
    main.o(.text.main) refers to gpio.o(.text.MX_GPIO_Init) for MX_GPIO_Init
    main.o(.text.main) refers to dma.o(.text.MX_DMA_Init) for MX_DMA_Init
    main.o(.text.main) refers to spi.o(.text.MX_SPI1_Init) for MX_SPI1_Init
    main.o(.text.main) refers to tim.o(.text.MX_TIM1_Init) for MX_TIM1_Init
    main.o(.text.main) refers to adc.o(.text.MX_ADC1_Init) for MX_ADC1_Init
    main.o(.text.main) refers to adc.o(.text.MX_ADC2_Init) for MX_ADC2_Init
    main.o(.text.main) refers to can.o(.text.MX_CAN_Init) for MX_CAN_Init
    main.o(.text.main) refers to tim.o(.text.MX_TIM2_Init) for MX_TIM2_Init
    main.o(.text.main) refers to usart.o(.text.MX_USART2_UART_Init) for MX_USART2_UART_Init
    main.o(.text.main) refers to stm32f1xx_hal_gpio.o(.text.HAL_GPIO_WritePin) for HAL_GPIO_WritePin
    main.o(.text.main) refers to mt6701.o(.bss..L_MergedGlobals) for MT6701_Data
    main.o(.text.main) refers to spi.o(.bss.hspi1) for hspi1
    main.o(.text.main) refers to stm32f1xx_hal_spi.o(.text.HAL_SPI_TransmitReceive_DMA) for HAL_SPI_TransmitReceive_DMA
    main.o(.text.main) refers to stm32f1xx_hal.o(.text.HAL_Delay) for HAL_Delay
    main.o(.text.main) refers to tim.o(.bss.htim1) for htim1
    main.o(.text.main) refers to stm32f1xx_hal_tim.o(.text.HAL_TIM_PWM_Start) for HAL_TIM_PWM_Start
    main.o(.text.main) refers to open_loop.o(.text.PWM_Set_Compare) for PWM_Set_Compare
    main.o(.text.main) refers to main.o(.bss..L_MergedGlobals) for .L_MergedGlobals
    main.o(.text.main) refers to adc.o(.bss..L_MergedGlobals.5) for PID_Speed
    main.o(.text.main) refers to pid.o(.text.PID_Init) for PID_Init
    main.o(.text.main) refers to adc.o(.bss..L_MergedGlobals.6) for PID_Torque_d
    main.o(.text.main) refers to foc_can.o(.text.FocCan_Init) for FocCan_Init
    main.o(.text.main) refers to tim.o(.bss.htim2) for htim2
    main.o(.text.main) refers to stm32f1xx_hal_tim.o(.text.HAL_TIM_Base_Start_IT) for HAL_TIM_Base_Start_IT
    main.o(.text.main) refers to adc.o(.bss..L_MergedGlobals.4) for hadc1
    main.o(.text.main) refers to stm32f1xx_hal_adc_ex.o(.text.HAL_ADCEx_Calibration_Start) for HAL_ADCEx_Calibration_Start
    main.o(.text.main) refers to stm32f1xx_hal_adc_ex.o(.text.HAL_ADCEx_InjectedStart_IT) for HAL_ADCEx_InjectedStart_IT
    main.o(.text.main) refers to stm32f1xx_hal_adc_ex.o(.text.HAL_ADCEx_InjectedStart) for HAL_ADCEx_InjectedStart
    main.o(.text.main) refers to usart.o(.text.UART2_StartRx) for UART2_StartRx
[...]
    .L.str.23                                0x08008cc8   Data          15  usart.o(.rodata.str1.1)
    .L.str.27                                0x08008cd7   Data           9  usart.o(.rodata.str1.1)
    .L.str.32                                0x08008ce0   Data           9  usart.o(.rodata.str1.1)
    .L.str.33                                0x08008ce9   Data           8  usart.o(.rodata.str1.1)
    timing_profiles                          0x08008cf4   Data         160  foc_can.o(.rodata.timing_profiles)
    [Anonymous Symbol]                       0x08008cf4   Section        0  foc_can.o(.rodata.timing_profiles)
    .data                                    0x20000000   Section        4  stdout.o(.data)
    _errno                                   0x20000004   Data           4  errno.o(.data)
    .data                                    0x20000004   Section        4  errno.o(.data)
    .L_MergedGlobals                         0x20000008   Data           8  adc.o(.data..L_MergedGlobals)
    [Anonymous Symbol]                       0x20000008   Section        0  adc.o(.data..L_MergedGlobals)
    .L_MergedGlobals                         0x20000010   Data           8  stm32f1xx_hal.o(.data..L_MergedGlobals)
    [Anonymous Symbol]                       0x20000010   Section        0  stm32f1xx_hal.o(.data..L_MergedGlobals)
    .L_MergedGlobals                         0x20000020   Data           8  main.o(.bss..L_MergedGlobals)
    [Anonymous Symbol]                       0x20000020   Section        0  main.o(.bss..L_MergedGlobals)
    serial_telemetry_ms                      0x20000024   Data           4  main.o(.bss..L_MergedGlobals)
    .L_MergedGlobals                         0x20000028   Data          24  tim.o(.bss..L_MergedGlobals)
    Once                                     0x20000028   Data           1  tim.o(.bss..L_MergedGlobals)
    [Anonymous Symbol]                       0x20000028   Section        0  tim.o(.bss..L_MergedGlobals)
    LED_Count                                0x2000002a   Data           2  tim.o(.bss..L_MergedGlobals)
    Last_Encoder_Angle                       0x2000003c   Data           4  tim.o(.bss..L_MergedGlobals)
    .L_MergedGlobals                         0x20000040   Data          88  usart.o(.bss..L_MergedGlobals)
    [Anonymous Symbol]                       0x20000040   Section        0  usart.o(.bss..L_MergedGlobals)
    uart_line_ready                          0x20000041   Data           1  usart.o(.bss..L_MergedGlobals)
    uart2_log_mode                           0x20000042   Data           1  usart.o(.bss..L_MergedGlobals)
    uart_rx_byte                             0x20000043   Data           1  usart.o(.bss..L_MergedGlobals)
    uart_line_length                         0x20000044   Data           2  usart.o(.bss..L_MergedGlobals)
    uart_rx_overflow_count                   0x20000048   Data           4  usart.o(.bss..L_MergedGlobals)
    uart_rx_error_count                      0x2000004c   Data           4  usart.o(.bss..L_MergedGlobals)
    .L_MergedGlobals                         0x20000098   Data          24  mt6701.o(.bss..L_MergedGlobals)
    [Anonymous Symbol]                       0x20000098   Section        0  mt6701.o(.bss..L_MergedGlobals)
    .L_MergedGlobals                         0x200000b0   Data          28  pid.o(.bss..L_MergedGlobals)
    Position_Profile_Ready                   0x200000b0   Data           1  pid.o(.bss..L_MergedGlobals)
    [Anonymous Symbol]                       0x200000b0   Section        0  pid.o(.bss..L_MergedGlobals)
    Position_Target_Changed                  0x200000b1   Data           1  pid.o(.bss..L_MergedGlobals)
    Position_Profile_Rad                     0x200000bc   Data           4  pid.o(.bss..L_MergedGlobals)
    Position_Profile_Speed_Rad_S             0x200000c0   Data           4  pid.o(.bss..L_MergedGlobals)
    Position_Last_Target_Rad                 0x200000c4   Data           4  pid.o(.bss..L_MergedGlobals)
    Position_Last_Update_Ms                  0x200000c8   Data           4  pid.o(.bss..L_MergedGlobals)
    .L_MergedGlobals                         0x200000cc   Data          76  foc_can.o(.bss..L_MergedGlobals)
    active_timing_profile                    0x200000cc   Data           1  foc_can.o(.bss..L_MergedGlobals)
    [Anonymous Symbol]                       0x200000cc   Section        0  foc_can.o(.bss..L_MergedGlobals)
    active_loopback_mode                     0x200000cd   Data           1  foc_can.o(.bss..L_MergedGlobals)
    last_feedback_ms                         0x200000d0   Data           4  foc_can.o(.bss..L_MergedGlobals)
    pending_command                          0x200000d4   Data          12  foc_can.o(.bss..L_MergedGlobals)
    status                                   0x200000e0   Data          56  foc_can.o(.bss..L_MergedGlobals)
    .L_MergedGlobals.3                       0x20000118   Data          84  adc.o(.bss..L_MergedGlobals.3)
    once                                     0x20000118   Data           1  adc.o(.bss..L_MergedGlobals.3)
    [Anonymous Symbol]                       0x20000118   Section        0  adc.o(.bss..L_MergedGlobals.3)
    count                                    0x2000011e   Data           2  adc.o(.bss..L_MergedGlobals.3)
    .L_MergedGlobals.4                       0x2000016c   Data          96  adc.o(.bss..L_MergedGlobals.4)
    [Anonymous Symbol]                       0x2000016c   Section        0  adc.o(.bss..L_MergedGlobals.4)
    .L_MergedGlobals.5                       0x200001cc   Data         104  adc.o(.bss..L_MergedGlobals.5)
    [Anonymous Symbol]                       0x200001cc   Section        0  adc.o(.bss..L_MergedGlobals.5)
    .L_MergedGlobals.6                       0x20000234   Data         104  adc.o(.bss..L_MergedGlobals.6)
    [Anonymous Symbol]                       0x20000234   Section        0  adc.o(.bss..L_MergedGlobals.6)
    uart_line_buffer                         0x2000047c   Data          64  usart.o(.bss.uart_line_buffer)
    [Anonymous Symbol]                       0x2000047c   Section        0  usart.o(.bss.uart_line_buffer)
    STACK                                    0x200004c0   Section     1024  startup_stm32f103xb.o(STACK)

    Global Symbols

    Symbol Name                              Value     Ov Type        Size  Object(Section)

    BuildAttributes$$THM_ISAv4$P$D$K$B$S$PE$A:L22UL41UL21$X:L11$S22US41US21$IEEE1$IW$~IW$USESV6$~STKCKD$USESV7$~SHL$OTIME$ROPI$IEEEX$EBA8$MICROLIB$REQ8$PRES8$EABIv2 0x00000000   Number         0  anon$$obj.o ABSOLUTE
    _printf_a                                0x00000000   Number         0  printfstubs.o ABSOLUTE
    _printf_c                                0x00000000   Number         0  printfstubs.o ABSOLUTE
    _printf_charcount                        0x00000000   Number         0  printfstubs.o ABSOLUTE
    _printf_d                                0x00000000   Number         0  printfstubs.o ABSOLUTE
    _printf_e                                0x00000000   Number         0  printfstubs.o ABSOLUTE
    _printf_f                                0x00000000   Number         0  printfstubs.o ABSOLUTE
    _printf_flags                            0x00000000   Number         0  printfstubs.o ABSOLUTE
    _printf_fp_dec                           0x00000000   Number         0  printfstubs.o ABSOLUTE
    _printf_fp_hex                           0x00000000   Number         0  printfstubs.o ABSOLUTE
    _printf_g                                0x00000000   Number         0  printfstubs.o ABSOLUTE
    _printf_i                                0x00000000   Number         0  printfstubs.o ABSOLUTE
    _printf_int_dec                          0x00000000   Number         0  printfstubs.o ABSOLUTE
    _printf_l                                0x00000000   Number         0  printfstubs.o ABSOLUTE
    _printf_lc                               0x00000000   Number         0  printfstubs.o ABSOLUTE
    _printf_ll                               0x00000000   Number         0  printfstubs.o ABSOLUTE
    _printf_lld                              0x00000000   Number         0  printfstubs.o ABSOLUTE
    _printf_lli                              0x00000000   Number         0  printfstubs.o ABSOLUTE
    _printf_llo                              0x00000000   Number         0  printfstubs.o ABSOLUTE
    _printf_llu                              0x00000000   Number         0  printfstubs.o ABSOLUTE
    _printf_llx                              0x00000000   Number         0  printfstubs.o ABSOLUTE
    _printf_longlong_dec                     0x00000000   Number         0  printfstubs.o ABSOLUTE
    _printf_longlong_hex                     0x00000000   Number         0  printfstubs.o ABSOLUTE
    _printf_longlong_oct                     0x00000000   Number         0  printfstubs.o ABSOLUTE
    _printf_ls                               0x00000000   Number         0  printfstubs.o ABSOLUTE
    _printf_mbtowc                           0x00000000   Number         0  printfstubs.o ABSOLUTE
    _printf_n                                0x00000000   Number         0  printfstubs.o ABSOLUTE
    _printf_o                                0x00000000   Number         0  printfstubs.o ABSOLUTE
    _printf_p                                0x00000000   Number         0  printfstubs.o ABSOLUTE
    _printf_percent                          0x00000000   Number         0  printfstubs.o ABSOLUTE
    _printf_pre_padding                      0x00000000   Number         0  printfstubs.o ABSOLUTE
    _printf_return_value                     0x00000000   Number         0  printfstubs.o ABSOLUTE
    _printf_s                                0x00000000   Number         0  printfstubs.o ABSOLUTE
    _printf_sizespec                         0x00000000   Number         0  printfstubs.o ABSOLUTE
    _printf_str                              0x00000000   Number         0  printfstubs.o ABSOLUTE
    _printf_truncate_signed                  0x00000000   Number         0  printfstubs.o ABSOLUTE
    _printf_truncate_unsigned                0x00000000   Number         0  printfstubs.o ABSOLUTE
    _printf_u                                0x00000000   Number         0  printfstubs.o ABSOLUTE
    _printf_wc                               0x00000000   Number         0  printfstubs.o ABSOLUTE
    _printf_wctomb                           0x00000000   Number         0  printfstubs.o ABSOLUTE
    _printf_widthprec                        0x00000000   Number         0  printfstubs.o ABSOLUTE
    _printf_x                                0x00000000   Number         0  printfstubs.o ABSOLUTE
    __cpp_initialize__aeabi_                  - Undefined Weak Reference
    __cxa_finalize                            - Undefined Weak Reference
    __decompress                              - Undefined Weak Reference
    _clock_init                               - Undefined Weak Reference
    _microlib_exit                            - Undefined Weak Reference
    _scanf_longlong                           - Undefined Weak Reference
    _scanf_string                             - Undefined Weak Reference
    __Vectors_Size                           0x000000ec   Number         0  startup_stm32f103xb.o ABSOLUTE
    __Vectors                                0x08000000   Data           4  startup_stm32f103xb.o(RESET)
    __Vectors_End                            0x080000ec   Data           0  startup_stm32f103xb.o(RESET)
    __main                                   0x080000ed   Thumb Code     0  entry.o(.ARM.Collect$$$$00000000)
    _main_stk                                0x080000ed   Thumb Code     0  entry2.o(.ARM.Collect$$$$00000001)
    _main_scatterload                        0x080000f1   Thumb Code     0  entry5.o(.ARM.Collect$$$$00000004)
    __main_after_scatterload                 0x080000f5   Thumb Code     0  entry5.o(.ARM.Collect$$$$00000004)
    _main_clock                              0x080000f5   Thumb Code     0  entry7b.o(.ARM.Collect$$$$00000008)
    _main_cpp_init                           0x080000f5   Thumb Code     0  entry8b.o(.ARM.Collect$$$$0000000A)
    _main_init                               0x080000f5   Thumb Code     0  entry9a.o(.ARM.Collect$$$$0000000B)
    __rt_final_cpp                           0x080000fd   Thumb Code     0  entry10a.o(.ARM.Collect$$$$0000000D)
    __rt_final_exit                          0x080000fd   Thumb Code     0  entry11a.o(.ARM.Collect$$$$0000000F)
    Reset_Handler                            0x08000101   Thumb Code     8  startup_stm32f103xb.o(.text)
    CAN1_RX1_IRQHandler                      0x0800011b   Thumb Code     0  startup_stm32f103xb.o(.text)
    CAN1_SCE_IRQHandler                      0x0800011b   Thumb Code     0  startup_stm32f103xb.o(.text)
    DMA1_Channel1_IRQHandler                 0x0800011b   Thumb Code     0  startup_stm32f103xb.o(.text)
    DMA1_Channel4_IRQHandler                 0x0800011b   Thumb Code     0  startup_stm32f103xb.o(.text)
    DMA1_Channel5_IRQHandler                 0x0800011b   Thumb Code     0  startup_stm32f103xb.o(.text)
    DMA1_Channel6_IRQHandler                 0x0800011b   Thumb Code     0  startup_stm32f103xb.o(.text)
    DMA1_Channel7_IRQHandler                 0x0800011b   Thumb Code     0  startup_stm32f103xb.o(.text)
    EXTI0_IRQHandler                         0x0800011b   Thumb Code     0  startup_stm32f103xb.o(.text)
    EXTI15_10_IRQHandler                     0x0800011b   Thumb Code     0  startup_stm32f103xb.o(.text)
    EXTI1_IRQHandler                         0x0800011b   Thumb Code     0  startup_stm32f103xb.o(.text)
    EXTI2_IRQHandler                         0x0800011b   Thumb Code     0  startup_stm32f103xb.o(.text)
    EXTI3_IRQHandler                         0x0800011b   Thumb Code     0  startup_stm32f103xb.o(.text)
    EXTI4_IRQHandler                         0x0800011b   Thumb Code     0  startup_stm32f103xb.o(.text)
    EXTI9_5_IRQHandler                       0x0800011b   Thumb Code     0  startup_stm32f103xb.o(.text)
    FLASH_IRQHandler                         0x0800011b   Thumb Code     0  startup_stm32f103xb.o(.text)
    I2C1_ER_IRQHandler                       0x0800011b   Thumb Code     0  startup_stm32f103xb.o(.text)
    I2C1_EV_IRQHandler                       0x0800011b   Thumb Code     0  startup_stm32f103xb.o(.text)
    I2C2_ER_IRQHandler                       0x0800011b   Thumb Code     0  startup_stm32f103xb.o(.text)
    I2C2_EV_IRQHandler                       0x0800011b   Thumb Code     0  startup_stm32f103xb.o(.text)
    PVD_IRQHandler                           0x0800011b   Thumb Code     0  startup_stm32f103xb.o(.text)
    RCC_IRQHandler                           0x0800011b   Thumb Code     0  startup_stm32f103xb.o(.text)
    RTC_Alarm_IRQHandler                     0x0800011b   Thumb Code     0  startup_stm32f103xb.o(.text)
    RTC_IRQHandler                           0x0800011b   Thumb Code     0  startup_stm32f103xb.o(.text)
    SPI1_IRQHandler                          0x0800011b   Thumb Code     0  startup_stm32f103xb.o(.text)
    SPI2_IRQHandler                          0x0800011b   Thumb Code     0  startup_stm32f103xb.o(.text)
    TAMPER_IRQHandler                        0x0800011b   Thumb Code     0  startup_stm32f103xb.o(.text)
    TIM1_BRK_IRQHandler                      0x0800011b   Thumb Code     0  startup_stm32f103xb.o(.text)
    TIM1_CC_IRQHandler                       0x0800011b   Thumb Code     0  startup_stm32f103xb.o(.text)
    TIM1_TRG_COM_IRQHandler                  0x0800011b   Thumb Code     0  startup_stm32f103xb.o(.text)
    TIM1_UP_IRQHandler                       0x0800011b   Thumb Code     0  startup_stm32f103xb.o(.text)
    TIM3_IRQHandler                          0x0800011b   Thumb Code     0  startup_stm32f103xb.o(.text)
    TIM4_IRQHandler                          0x0800011b   Thumb Code     0  startup_stm32f103xb.o(.text)
    USART1_IRQHandler                        0x0800011b   Thumb Code     0  startup_stm32f103xb.o(.text)
    USART3_IRQHandler                        0x0800011b   Thumb Code     0  startup_stm32f103xb.o(.text)
    USBWakeUp_IRQHandler                     0x0800011b   Thumb Code     0  startup_stm32f103xb.o(.text)
    USB_HP_CAN1_TX_IRQHandler                0x0800011b   Thumb Code     0  startup_stm32f103xb.o(.text)
    WWDG_IRQHandler                          0x0800011b   Thumb Code     0  startup_stm32f103xb.o(.text)
    toupper                                  0x08000125   Thumb Code    12  toupper.o(.text)
    __aeabi_memcpy                           0x08000131   Thumb Code    36  memcpya.o(.text)
    __aeabi_memcpy4                          0x08000131   Thumb Code     0  memcpya.o(.text)
    __aeabi_memcpy8                          0x08000131   Thumb Code     0  memcpya.o(.text)
    __aeabi_memset                           0x08000155   Thumb Code    14  memseta.o(.text)
    __aeabi_memset4                          0x08000155   Thumb Code     0  memseta.o(.text)
    __aeabi_memset8                          0x08000155   Thumb Code     0  memseta.o(.text)
    __aeabi_memclr                           0x08000163   Thumb Code     4  memseta.o(.text)
    __aeabi_memclr4                          0x08000163   Thumb Code     0  memseta.o(.text)
    __aeabi_memclr8                          0x08000163   Thumb Code     0  memseta.o(.text)
    _memset$wrapper                          0x08000167   Thumb Code    18  memseta.o(.text)
    memcmp                                   0x08000179   Thumb Code    26  memcmp.o(.text)
    __0sscanf                                0x08000195   Thumb Code    48  __0sscanf.o(.text)
    _scanf_int                               0x080001cd   Thumb Code   332  _scanf_int.o(.text)
    _scanf_real                              0x08000441   Thumb Code     0  scanf_fp.o(.text)
    _scanf_really_real                       0x08000441   Thumb Code   556  scanf_fp.o(.text)
    __aeabi_fadd                             0x08000679   Thumb Code   164  fadd.o(.text)
    __aeabi_fsub                             0x0800071d   Thumb Code     6  fadd.o(.text)
    __aeabi_frsub                            0x08000723   Thumb Code     6  fadd.o(.text)
    __aeabi_fmul                             0x08000729   Thumb Code   100  fmul.o(.text)
    __aeabi_fdiv                             0x0800078d   Thumb Code   124  fdiv.o(.text)
    __aeabi_dadd                             0x08000809   Thumb Code   322  dadd.o(.text)
    __aeabi_dsub                             0x0800094b   Thumb Code     6  dadd.o(.text)
    __aeabi_drsub                            0x08000951   Thumb Code     6  dadd.o(.text)
    __aeabi_dmul                             0x08000957   Thumb Code   228  dmul.o(.text)
    __aeabi_ddiv                             0x08000a3b   Thumb Code   222  ddiv.o(.text)
    __aeabi_fcmple                           0x08000b19   Thumb Code    28  fcmple.o(.text)
    __aeabi_fcmplt                           0x08000b35   Thumb Code    28  fcmplt.o(.text)
    __aeabi_fcmpge                           0x08000b51   Thumb Code    28  fcmpge.o(.text)
    __aeabi_fcmpgt                           0x08000b6d   Thumb Code    28  fcmpgt.o(.text)
    __aeabi_fcmpeq                           0x08000b89   Thumb Code    28  fcmpeq.o(.text)
    __aeabi_dcmplt                           0x08000ba5   Thumb Code    54  dcmplt.o(.text)
    __aeabi_i2f                              0x08000bdb   Thumb Code    18  fflti.o(.text)
    __aeabi_ui2f                             0x08000bed   Thumb Code    10  ffltui.o(.text)
    __aeabi_ui2d                             0x08000bf7   Thumb Code    26  dfltui.o(.text)
    __aeabi_f2iz                             0x08000c11   Thumb Code    50  ffixi.o(.text)
    __aeabi_f2uiz                            0x08000c43   Thumb Code    40  ffixui.o(.text)
    __aeabi_f2d                              0x08000c6b   Thumb Code    38  f2d.o(.text)
    __aeabi_d2f                              0x08000c91   Thumb Code    56  d2f.o(.text)
    __aeabi_uidiv                            0x08000cc9   Thumb Code     0  uidiv.o(.text)
    __aeabi_uidivmod                         0x08000cc9   Thumb Code    44  uidiv.o(.text)
    __aeabi_uldivmod                         0x08000cf5   Thumb Code    98  uldiv.o(.text)
    __aeabi_llsl                             0x08000d57   Thumb Code    30  llshl.o(.text)
    _ll_shift_l                              0x08000d57   Thumb Code     0  llshl.o(.text)
    __aeabi_lasr                             0x08000d75   Thumb Code    36  llsshr.o(.text)
    _ll_sshift_r                             0x08000d75   Thumb Code     0  llsshr.o(.text)
    _chval                                   0x08000d99   Thumb Code    28  _chval.o(.text)
    __vfscanf_char                           0x08000dc1   Thumb Code    20  scanf_char.o(.text)
    _sgetc                                   0x08000ddd   Thumb Code    30  _sgetc.o(.text)
    _sbackspace                              0x08000dfb   Thumb Code    34  _sgetc.o(.text)
    __I$use$fp                               0x08000e1d   Thumb Code     0  iusefp.o(.text)
    _float_round                             0x08000e1d   Thumb Code    18  fepilogue.o(.text)
    _float_epilogue                          0x08000e2f   Thumb Code    92  fepilogue.o(.text)
    _fsqrt                                   0x08000e8b   Thumb Code    94  fsqrt.o(.text)
    _double_round                            0x08000ee9   Thumb Code    30  depilogue.o(.text)
    _double_epilogue                         0x08000f07   Thumb Code   156  depilogue.o(.text)
    __aeabi_ul2d                             0x08000fa3   Thumb Code    24  dfltul.o(.text)
    __aeabi_d2ulz                            0x08000fbb   Thumb Code    48  dfixul.o(.text)
    __aeabi_cdrcmple                         0x08000fed   Thumb Code    48  cdrcmple.o(.text)
    __scatterload                            0x0800101d   Thumb Code    38  init.o(.text)
    __scatterload_rt2                        0x0800101d   Thumb Code     0  init.o(.text)
    __aeabi_llsr                             0x0800104d   Thumb Code    32  llushr.o(.text)
    _ll_ushift_r                             0x0800104d   Thumb Code     0  llushr.o(.text)
    isspace                                  0x0800106d   Thumb Code    10  isspace_c.o(.text)
    __vfscanf                                0x08001079   Thumb Code   808  _scanf.o(.text)
    __ctype_lookup                           0x080013a5   Thumb Code    34  ctype_c.o(.text)
    ADC1_2_IRQHandler                        0x080013cd   Thumb Code    30  stm32f1xx_it.o(.text.ADC1_2_IRQHandler)
    ADC_ConversionStop_Disable               0x080013ed   Thumb Code    84  stm32f1xx_hal_adc.o(.text.ADC_ConversionStop_Disable)
    ADC_Enable                               0x08001441   Thumb Code   174  stm32f1xx_hal_adc.o(.text.ADC_Enable)
    BusFault_Handler                         0x080014f1   Thumb Code     2  stm32f1xx_it.o(.text.BusFault_Handler)
    DMA1_Channel2_IRQHandler                 0x080014f5   Thumb Code    12  stm32f1xx_it.o(.text.DMA1_Channel2_IRQHandler)
    DMA1_Channel3_IRQHandler                 0x08001501   Thumb Code    12  stm32f1xx_it.o(.text.DMA1_Channel3_IRQHandler)
    DebugMon_Handler                         0x0800150d   Thumb Code     2  stm32f1xx_it.o(.text.DebugMon_Handler)
    Diff_Indentify                           0x08001511   Thumb Code    64  mt6701.o(.text.Diff_Indentify)
    Error_Handler                            0x08001551   Thumb Code    10  main.o(.text.Error_Handler)
    FocCan_ControlStep                       0x0800155d   Thumb Code   248  foc_can.o(.text.FocCan_ControlStep)
    FocCan_GetStatus                         0x08001655   Thumb Code    12  foc_can.o(.text.FocCan_GetStatus)
    FocCan_Init                              0x08001661   Thumb Code   220  foc_can.o(.text.FocCan_Init)
    FocCan_NotifySerialCommand               0x0800173d   Thumb Code    18  foc_can.o(.text.FocCan_NotifySerialCommand)
    FocCan_Process                           0x08001751   Thumb Code   182  foc_can.o(.text.FocCan_Process)
    FocCan_SetLoopback                       0x08001809   Thumb Code    24  foc_can.o(.text.FocCan_SetLoopback)
    FocCan_SetTimingProfile                  0x08001821   Thumb Code   258  foc_can.o(.text.FocCan_SetTimingProfile)
    FocCan_Stop                              0x08001925   Thumb Code   122  foc_can.o(.text.FocCan_Stop)
    HAL_ADCEx_Calibration_Start              0x080019a1   Thumb Code   282  stm32f1xx_hal_adc_ex.o(.text.HAL_ADCEx_Calibration_Start)
    HAL_ADCEx_InjectedConfigChannel          0x08001abd   Thumb Code   538  stm32f1xx_hal_adc_ex.o(.text.HAL_ADCEx_InjectedConfigChannel)
    HAL_ADCEx_InjectedConvCpltCallback       0x08001cd9   Thumb Code   592  adc.o(.text.HAL_ADCEx_InjectedConvCpltCallback)
    HAL_ADCEx_InjectedGetValue               0x08001f29   Thumb Code    20  stm32f1xx_hal_adc_ex.o(.text.HAL_ADCEx_InjectedGetValue)
    HAL_ADCEx_InjectedStart                  0x08001f3d   Thumb Code   176  stm32f1xx_hal_adc_ex.o(.text.HAL_ADCEx_InjectedStart)
    HAL_ADCEx_InjectedStart_IT               0x08001fed   Thumb Code   184  stm32f1xx_hal_adc_ex.o(.text.HAL_ADCEx_InjectedStart_IT)
    HAL_ADCEx_MultiModeConfigChannel         0x080020a5   Thumb Code    90  stm32f1xx_hal_adc_ex.o(.text.HAL_ADCEx_MultiModeConfigChannel)
    HAL_ADC_ConvCpltCallback                 0x08002101   Thumb Code     2  stm32f1xx_hal_adc.o(.text.HAL_ADC_ConvCpltCallback)
    HAL_ADC_IRQHandler                       0x08002105   Thumb Code   238  stm32f1xx_hal_adc.o(.text.HAL_ADC_IRQHandler)
    HAL_ADC_Init                             0x080021f5   Thumb Code   344  stm32f1xx_hal_adc.o(.text.HAL_ADC_Init)
    HAL_ADC_LevelOutOfWindowCallback         0x0800234d   Thumb Code     2  stm32f1xx_hal_adc.o(.text.HAL_ADC_LevelOutOfWindowCallback)
    HAL_ADC_MspInit                          0x08002351   Thumb Code   178  adc.o(.text.HAL_ADC_MspInit)
    HAL_CAN_AbortTxRequest                   0x08002405   Thumb Code    86  stm32f1xx_hal_can.o(.text.HAL_CAN_AbortTxRequest)
    HAL_CAN_ActivateNotification             0x0800245d   Thumb Code    46  stm32f1xx_hal_can.o(.text.HAL_CAN_ActivateNotification)
    HAL_CAN_AddTxMessage                     0x0800248d   Thumb Code   164  stm32f1xx_hal_can.o(.text.HAL_CAN_AddTxMessage)
    HAL_CAN_ConfigFilter                     0x08002531   Thumb Code   234  stm32f1xx_hal_can.o(.text.HAL_CAN_ConfigFilter)
    HAL_CAN_DeInit                           0x0800261d   Thumb Code   120  stm32f1xx_hal_can.o(.text.HAL_CAN_DeInit)
    HAL_CAN_ErrorCallback                    0x08002695   Thumb Code    36  foc_can.o(.text.HAL_CAN_ErrorCallback)
    HAL_CAN_GetRxMessage                     0x080026b9   Thumb Code   302  stm32f1xx_hal_can.o(.text.HAL_CAN_GetRxMessage)
    HAL_CAN_GetTxMailboxesFreeLevel          0x080027e9   Thumb Code    40  stm32f1xx_hal_can.o(.text.HAL_CAN_GetTxMailboxesFreeLevel)
    HAL_CAN_IRQHandler                       0x08002811   Thumb Code   606  stm32f1xx_hal_can.o(.text.HAL_CAN_IRQHandler)
    HAL_CAN_Init                             0x08002a71   Thumb Code   244  stm32f1xx_hal_can.o(.text.HAL_CAN_Init)
    HAL_CAN_MspDeInit                        0x08002b65   Thumb Code    56  can.o(.text.HAL_CAN_MspDeInit)
    HAL_CAN_MspInit                          0x08002b9d   Thumb Code   142  can.o(.text.HAL_CAN_MspInit)
    HAL_CAN_RxFifo0FullCallback              0x08002c2d   Thumb Code     2  stm32f1xx_hal_can.o(.text.HAL_CAN_RxFifo0FullCallback)
    HAL_CAN_RxFifo0MsgPendingCallback        0x08002c31   Thumb Code   218  foc_can.o(.text.HAL_CAN_RxFifo0MsgPendingCallback)
    HAL_CAN_RxFifo1FullCallback              0x08002d0d   Thumb Code     2  stm32f1xx_hal_can.o(.text.HAL_CAN_RxFifo1FullCallback)
    HAL_CAN_RxFifo1MsgPendingCallback        0x08002d11   Thumb Code     2  stm32f1xx_hal_can.o(.text.HAL_CAN_RxFifo1MsgPendingCallback)
    HAL_CAN_SleepCallback                    0x08002d15   Thumb Code     2  stm32f1xx_hal_can.o(.text.HAL_CAN_SleepCallback)
    HAL_CAN_Start                            0x08002d19   Thumb Code    90  stm32f1xx_hal_can.o(.text.HAL_CAN_Start)
    HAL_CAN_Stop                             0x08002d75   Thumb Code    94  stm32f1xx_hal_can.o(.text.HAL_CAN_Stop)
    HAL_CAN_TxMailbox0AbortCallback          0x08002dd5   Thumb Code     2  stm32f1xx_hal_can.o(.text.HAL_CAN_TxMailbox0AbortCallback)
    HAL_CAN_TxMailbox0CompleteCallback       0x08002dd9   Thumb Code     2  stm32f1xx_hal_can.o(.text.HAL_CAN_TxMailbox0CompleteCallback)
    HAL_CAN_TxMailbox1AbortCallback          0x08002ddd   Thumb Code     2  stm32f1xx_hal_can.o(.text.HAL_CAN_TxMailbox1AbortCallback)
    HAL_CAN_TxMailbox1CompleteCallback       0x08002de1   Thumb Code     2  stm32f1xx_hal_can.o(.text.HAL_CAN_TxMailbox1CompleteCallback)
    HAL_CAN_TxMailbox2AbortCallback          0x08002de5   Thumb Code     2  stm32f1xx_hal_can.o(.text.HAL_CAN_TxMailbox2AbortCallback)
    HAL_CAN_TxMailbox2CompleteCallback       0x08002de9   Thumb Code     2  stm32f1xx_hal_can.o(.text.HAL_CAN_TxMailbox2CompleteCallback)
    HAL_CAN_WakeUpFromRxMsgCallback          0x08002ded   Thumb Code     2  stm32f1xx_hal_can.o(.text.HAL_CAN_WakeUpFromRxMsgCallback)
    HAL_DMA_Abort                            0x08002df1   Thumb Code    70  stm32f1xx_hal_dma.o(.text.HAL_DMA_Abort)
    HAL_DMA_Abort_IT                         0x08002e39   Thumb Code   182  stm32f1xx_hal_dma.o(.text.HAL_DMA_Abort_IT)
    HAL_DMA_IRQHandler                       0x08002ef1   Thumb Code   416  stm32f1xx_hal_dma.o(.text.HAL_DMA_IRQHandler)
    HAL_DMA_Init                             0x08003091   Thumb Code   132  stm32f1xx_hal_dma.o(.text.HAL_DMA_Init)
    HAL_DMA_Start_IT                         0x08003115   Thumb Code   160  stm32f1xx_hal_dma.o(.text.HAL_DMA_Start_IT)
    HAL_Delay                                0x080031b5   Thumb Code    40  stm32f1xx_hal.o(.text.HAL_Delay)
    HAL_GPIO_DeInit                          0x080031dd   Thumb Code   276  stm32f1xx_hal_gpio.o(.text.HAL_GPIO_DeInit)
    HAL_GPIO_Init                            0x080032f1   Thumb Code   526  stm32f1xx_hal_gpio.o(.text.HAL_GPIO_Init)
    HAL_GPIO_TogglePin                       0x08003501   Thumb Code    16  stm32f1xx_hal_gpio.o(.text.HAL_GPIO_TogglePin)
    HAL_GPIO_WritePin                        0x08003511   Thumb Code    10  stm32f1xx_hal_gpio.o(.text.HAL_GPIO_WritePin)
    HAL_GetTick                              0x0800351d   Thumb Code    12  stm32f1xx_hal.o(.text.HAL_GetTick)
    HAL_IncTick                              0x08003529   Thumb Code    26  stm32f1xx_hal.o(.text.HAL_IncTick)
    HAL_Init                                 0x08003545   Thumb Code    38  stm32f1xx_hal.o(.text.HAL_Init)
    HAL_InitTick                             0x0800356d   Thumb Code    72  stm32f1xx_hal.o(.text.HAL_InitTick)
    HAL_MspInit                              0x080035b5   Thumb Code    66  stm32f1xx_hal_msp.o(.text.HAL_MspInit)
    HAL_NVIC_DisableIRQ                      0x080035f9   Thumb Code    42  stm32f1xx_hal_cortex.o(.text.HAL_NVIC_DisableIRQ)
    HAL_NVIC_EnableIRQ                       0x08003625   Thumb Code    34  stm32f1xx_hal_cortex.o(.text.HAL_NVIC_EnableIRQ)
    HAL_NVIC_SetPriority                     0x08003649   Thumb Code    86  stm32f1xx_hal_cortex.o(.text.HAL_NVIC_SetPriority)
    HAL_NVIC_SetPriorityGrouping             0x080036a1   Thumb Code    32  stm32f1xx_hal_cortex.o(.text.HAL_NVIC_SetPriorityGrouping)
    HAL_RCCEx_GetPeriphCLKFreq               0x080036c1   Thumb Code   228  stm32f1xx_hal_rcc_ex.o(.text.HAL_RCCEx_GetPeriphCLKFreq)
    HAL_RCCEx_PeriphCLKConfig                0x080037b9   Thumb Code   258  stm32f1xx_hal_rcc_ex.o(.text.HAL_RCCEx_PeriphCLKConfig)
    HAL_RCC_ClockConfig                      0x080038bd   Thumb Code   442  stm32f1xx_hal_rcc.o(.text.HAL_RCC_ClockConfig)
    HAL_RCC_GetHCLKFreq                      0x08003a79   Thumb Code    12  stm32f1xx_hal_rcc.o(.text.HAL_RCC_GetHCLKFreq)
    HAL_RCC_GetPCLK1Freq                     0x08003a85   Thumb Code    38  stm32f1xx_hal_rcc.o(.text.HAL_RCC_GetPCLK1Freq)
    HAL_RCC_GetPCLK2Freq                     0x08003aad   Thumb Code    38  stm32f1xx_hal_rcc.o(.text.HAL_RCC_GetPCLK2Freq)
    HAL_RCC_GetSysClockFreq                  0x08003ad5   Thumb Code    86  stm32f1xx_hal_rcc.o(.text.HAL_RCC_GetSysClockFreq)
    HAL_RCC_OscConfig                        0x08003b2d   Thumb Code  1024  stm32f1xx_hal_rcc.o(.text.HAL_RCC_OscConfig)
    HAL_SPI_ErrorCallback                    0x08003f2d   Thumb Code     2  stm32f1xx_hal_spi.o(.text.HAL_SPI_ErrorCallback)
    HAL_SPI_Init                             0x08003f31   Thumb Code   168  stm32f1xx_hal_spi.o(.text.HAL_SPI_Init)
    HAL_SPI_MspInit                          0x08003fd9   Thumb Code   232  spi.o(.text.HAL_SPI_MspInit)
    HAL_SPI_RxCpltCallback                   0x080040c1   Thumb Code     2  stm32f1xx_hal_spi.o(.text.HAL_SPI_RxCpltCallback)
    HAL_SPI_RxHalfCpltCallback               0x080040c5   Thumb Code     2  stm32f1xx_hal_spi.o(.text.HAL_SPI_RxHalfCpltCallback)
    HAL_SPI_TransmitReceive_DMA              0x080040c9   Thumb Code   306  stm32f1xx_hal_spi.o(.text.HAL_SPI_TransmitReceive_DMA)
    HAL_SPI_TxRxCpltCallback                 0x080041fd   Thumb Code   228  mt6701.o(.text.HAL_SPI_TxRxCpltCallback)
    HAL_SPI_TxRxHalfCpltCallback             0x080042e1   Thumb Code     2  stm32f1xx_hal_spi.o(.text.HAL_SPI_TxRxHalfCpltCallback)
    HAL_SYSTICK_Config                       0x080042e5   Thumb Code    44  stm32f1xx_hal_cortex.o(.text.HAL_SYSTICK_Config)
    HAL_TIMEx_BreakCallback                  0x08004311   Thumb Code     2  stm32f1xx_hal_tim_ex.o(.text.HAL_TIMEx_BreakCallback)
    HAL_TIMEx_CommutCallback                 0x08004315   Thumb Code     2  stm32f1xx_hal_tim_ex.o(.text.HAL_TIMEx_CommutCallback)
    HAL_TIMEx_ConfigBreakDeadTime            0x08004319   Thumb Code    76  stm32f1xx_hal_tim_ex.o(.text.HAL_TIMEx_ConfigBreakDeadTime)
    HAL_TIMEx_MasterConfigSynchronization    0x08004365   Thumb Code   126  stm32f1xx_hal_tim_ex.o(.text.HAL_TIMEx_MasterConfigSynchronization)
    HAL_TIM_Base_Init                        0x080043e5   Thumb Code   250  stm32f1xx_hal_tim.o(.text.HAL_TIM_Base_Init)
    HAL_TIM_Base_MspInit                     0x080044e1   Thumb Code   104  tim.o(.text.HAL_TIM_Base_MspInit)
    HAL_TIM_Base_Start_IT                    0x08004549   Thumb Code   110  stm32f1xx_hal_tim.o(.text.HAL_TIM_Base_Start_IT)
    HAL_TIM_ConfigClockSource                0x080045b9   Thumb Code   416  stm32f1xx_hal_tim.o(.text.HAL_TIM_ConfigClockSource)
    HAL_TIM_IC_CaptureCallback               0x08004759   Thumb Code     2  stm32f1xx_hal_tim.o(.text.HAL_TIM_IC_CaptureCallback)
    HAL_TIM_IRQHandler                       0x0800475d   Thumb Code   334  stm32f1xx_hal_tim.o(.text.HAL_TIM_IRQHandler)
    HAL_TIM_OC_DelayElapsedCallback          0x080048ad   Thumb Code     2  stm32f1xx_hal_tim.o(.text.HAL_TIM_OC_DelayElapsedCallback)
    HAL_TIM_PWM_ConfigChannel                0x080048b1   Thumb Code   516  stm32f1xx_hal_tim.o(.text.HAL_TIM_PWM_ConfigChannel)
    HAL_TIM_PWM_Init                         0x08004ab5   Thumb Code   250  stm32f1xx_hal_tim.o(.text.HAL_TIM_PWM_Init)
    HAL_TIM_PWM_MspInit                      0x08004bb1   Thumb Code     2  stm32f1xx_hal_tim.o(.text.HAL_TIM_PWM_MspInit)
    HAL_TIM_PWM_PulseFinishedCallback        0x08004bb5   Thumb Code     2  stm32f1xx_hal_tim.o(.text.HAL_TIM_PWM_PulseFinishedCallback)
    HAL_TIM_PWM_Start                        0x08004bb9   Thumb Code   218  stm32f1xx_hal_tim.o(.text.HAL_TIM_PWM_Start)
    HAL_TIM_PeriodElapsedCallback            0x08004c95   Thumb Code   152  tim.o(.text.HAL_TIM_PeriodElapsedCallback)
    HAL_TIM_TriggerCallback                  0x08004d2d   Thumb Code     2  stm32f1xx_hal_tim.o(.text.HAL_TIM_TriggerCallback)
    HAL_UARTEx_RxEventCallback               0x08004d31   Thumb Code     2  stm32f1xx_hal_uart.o(.text.HAL_UARTEx_RxEventCallback)
    HAL_UART_ErrorCallback                   0x08004d35   Thumb Code   130  usart.o(.text.HAL_UART_ErrorCallback)
    HAL_UART_IRQHandler                      0x08004db9   Thumb Code  1392  stm32f1xx_hal_uart.o(.text.HAL_UART_IRQHandler)
    HAL_UART_Init                            0x08005329   Thumb Code   226  stm32f1xx_hal_uart.o(.text.HAL_UART_Init)
    HAL_UART_MspInit                         0x0800540d   Thumb Code   138  usart.o(.text.HAL_UART_MspInit)
    HAL_UART_Receive_IT                      0x08005499   Thumb Code    84  stm32f1xx_hal_uart.o(.text.HAL_UART_Receive_IT)
    HAL_UART_RxCpltCallback                  0x080054ed   Thumb Code   164  usart.o(.text.HAL_UART_RxCpltCallback)
    HAL_UART_Transmit                        0x08005591   Thumb Code   402  stm32f1xx_hal_uart.o(.text.HAL_UART_Transmit)
    HAL_UART_TxCpltCallback                  0x08005725   Thumb Code     2  stm32f1xx_hal_uart.o(.text.HAL_UART_TxCpltCallback)
    HardFault_Handler                        0x08005729   Thumb Code     2  stm32f1xx_it.o(.text.HardFault_Handler)
    Low_Pass_Filter                          0x0800572d   Thumb Code    82  lowpassfilter.o(.text.Low_Pass_Filter)
    MX_ADC1_Init                             0x08005781   Thumb Code   130  adc.o(.text.MX_ADC1_Init)
    MX_ADC2_Init                             0x08005805   Thumb Code    98  adc.o(.text.MX_ADC2_Init)
    MX_CAN_Init                              0x08005869   Thumb Code    66  can.o(.text.MX_CAN_Init)
    MX_DMA_Init                              0x080058ad   Thumb Code    68  dma.o(.text.MX_DMA_Init)
    MX_GPIO_Init                             0x080058f1   Thumb Code   182  gpio.o(.text.MX_GPIO_Init)
    MX_SPI1_Init                             0x080059a9   Thumb Code    76  spi.o(.text.MX_SPI1_Init)
    MX_TIM1_Init                             0x080059f5   Thumb Code   380  tim.o(.text.MX_TIM1_Init)
    MX_TIM2_Init                             0x08005b71   Thumb Code   114  tim.o(.text.MX_TIM2_Init)
    MX_USART2_UART_Init                      0x08005be5   Thumb Code    60  usart.o(.text.MX_USART2_UART_Init)
    MemManage_Handler                        0x08005c21   Thumb Code     2  stm32f1xx_it.o(.text.MemManage_Handler)
    NMI_Handler                              0x08005c25   Thumb Code     2  stm32f1xx_it.o(.text.NMI_Handler)
    PID_Calculate                            0x08005c29   Thumb Code   212  pid.o(.text.PID_Calculate)
    PID_Init                                 0x08005cfd   Thumb Code    38  pid.o(.text.PID_Init)
    PWM_Set_Compare                          0x08005d25   Thumb Code   210  open_loop.o(.text.PWM_Set_Compare)
    PendSV_Handler                           0x08005df9   Thumb Code     2  stm32f1xx_it.o(.text.PendSV_Handler)
    Position_Control                         0x08005dfd   Thumb Code   638  pid.o(.text.Position_Control)
    Position_Loop                            0x0800607d   Thumb Code   608  pid.o(.text.Position_Loop)
    SVC_Handler                              0x0800655d   Thumb Code     2  stm32f1xx_it.o(.text.SVC_Handler)
    SVPWM_Set_Duty                           0x08006561   Thumb Code   596  open_loop.o(.text.SVPWM_Set_Duty)
    Speed_Contorl                            0x080067bd   Thumb Code    84  pid.o(.text.Speed_Contorl)
    SysTick_Handler                          0x08006811   Thumb Code     4  stm32f1xx_it.o(.text.SysTick_Handler)
    SystemInit                               0x08006815   Thumb Code     2  system_stm32f1xx.o(.text.SystemInit)
    TIM2_IRQHandler                          0x08006819   Thumb Code    12  stm32f1xx_it.o(.text.TIM2_IRQHandler)
    Torque_Control                           0x08006825   Thumb Code   326  pid.o(.text.Torque_Control)
    UART2_GetLogMode                         0x0800696d   Thumb Code    12  usart.o(.text.UART2_GetLogMode)
    UART2_PollRecovery                       0x08006979   Thumb Code   116  usart.o(.text.UART2_PollRecovery)
    UART2_ProcessPendingCommand              0x080069ed   Thumb Code  1188  usart.o(.text.UART2_ProcessPendingCommand)
    UART2_SendBuffer                         0x08006f55   Thumb Code    74  usart.o(.text.UART2_SendBuffer)
    UART2_StartRx                            0x08006fa1   Thumb Code   132  usart.o(.text.UART2_StartRx)
    USART2_IRQHandler                        0x08007131   Thumb Code    12  stm32f1xx_it.o(.text.USART2_IRQHandler)
    USB_LP_CAN1_RX0_IRQHandler               0x0800713d   Thumb Code    12  stm32f1xx_it.o(.text.USB_LP_CAN1_RX0_IRQHandler)
    UsageFault_Handler                       0x08007149   Thumb Code     2  stm32f1xx_it.o(.text.UsageFault_Handler)
    arm_cos_f32                              0x0800714b   Thumb Code   172  arm_cos_f32.o(.text.arm_cos_f32)
    arm_sin_cos_f32                          0x080071f7   Thumb Code   456  arm_sin_cos_f32.o(.text.arm_sin_cos_f32)
    arm_sin_f32                              0x080073bf   Thumb Code   164  arm_sin_f32.o(.text.arm_sin_f32)
    fputc                                    0x08007465   Thumb Code    36  usart.o(.text.fputc)
    main                                     0x08007489   Thumb Code   888  main.o(.text.main)
    __0printf                                0x08007831   Thumb Code    22  printfa.o(i.__0printf)
    __1printf                                0x08007831   Thumb Code     0  printfa.o(i.__0printf)
    __2printf                                0x08007831   Thumb Code     0  printfa.o(i.__0printf)
    __c89printf                              0x08007831   Thumb Code     0  printfa.o(i.__0printf)
    printf                                   0x08007831   Thumb Code     0  printfa.o(i.__0printf)
    __0snprintf                              0x08007851   Thumb Code    48  printfa.o(i.__0snprintf)
    __1snprintf                              0x08007851   Thumb Code     0  printfa.o(i.__0snprintf)
    __2snprintf                              0x08007851   Thumb Code     0  printfa.o(i.__0snprintf)
    __c89snprintf                            0x08007851   Thumb Code     0  printfa.o(i.__0snprintf)
    snprintf                                 0x08007851   Thumb Code     0  printfa.o(i.__0snprintf)
    __scatterload_copy                       0x08007885   Thumb Code    14  handlers.o(i.__scatterload_copy)
    __scatterload_null                       0x08007893   Thumb Code     2  handlers.o(i.__scatterload_null)
    __scatterload_zeroinit                   0x08007895   Thumb Code    14  handlers.o(i.__scatterload_zeroinit)
    __set_errno                              0x080078a5   Thumb Code     6  errno.o(i.__set_errno)
    _is_digit                                0x08007a35   Thumb Code    14  scanf_fp.o(i._is_digit)
    sqrtf                                    0x08008189   Thumb Code    44  sqrtf.o(i.sqrtf)
    __ctype_categories                       0x080081b4   Data          64  ctype_c.o(.constdata)
    AHBPrescTable                            0x08008206   Data          16  system_stm32f1xx.o(.rodata.AHBPrescTable)
    APBPrescTable                            0x08008216   Data           8  system_stm32f1xx.o(.rodata.APBPrescTable)
    sinTable_f32                             0x08008230   Data        2052  arm_common_tables.o(.rodata.sinTable_f32)
    Region$$Table$$Base                      0x08008d94   Number         0  anon$$obj.o(Region$$Table)
    Region$$Table$$Limit                     0x08008db4   Number         0  anon$$obj.o(Region$$Table)
    __stdout                                 0x20000000   Data           4  stdout.o(.data)
    I_d_Alpha                                0x20000008   Data           4  adc.o(.data..L_MergedGlobals)
    I_q_Alpha                                0x2000000c   Data           4  adc.o(.data..L_MergedGlobals)
    uwTickFreq                               0x20000010   Data           1  stm32f1xx_hal.o(.data..L_MergedGlobals)
    uwTickPrio                               0x20000014   Data           4  stm32f1xx_hal.o(.data..L_MergedGlobals)
    Speed_Alpha                              0x20000018   Data           4  tim.o(.data.Speed_Alpha)
    SystemCoreClock                          0x2000001c   Data           4  system_stm32f1xx.o(.data.SystemCoreClock)
    Encoder_Offset                           0x20000020   Data           4  main.o(.bss..L_MergedGlobals)
    Speed                                    0x2000002c   Data           4  tim.o(.bss..L_MergedGlobals)
    Filter_Speed                             0x20000030   Data           4  tim.o(.bss..L_MergedGlobals)
    Motor_Position_Rad                       0x20000034   Data           4  tim.o(.bss..L_MergedGlobals)
    Diff_Angle                               0x20000038   Data           4  tim.o(.bss..L_MergedGlobals)
    Index                                    0x20000040   Data           1  usart.o(.bss..L_MergedGlobals)
    CMD                                      0x20000050   Data           8  usart.o(.bss..L_MergedGlobals)
    UART_RX_BUFFER                           0x20000058   Data          64  usart.o(.bss..L_MergedGlobals)
    MT6701_Data                              0x20000098   Data           2  mt6701.o(.bss..L_MergedGlobals)
    Angle_Raw                                0x2000009c   Data           4  mt6701.o(.bss..L_MergedGlobals)
    Encoder_Angle                            0x200000a0   Data           4  mt6701.o(.bss..L_MergedGlobals)
    Angle                                    0x200000a4   Data           4  mt6701.o(.bss..L_MergedGlobals)
    Motor_Angle                              0x200000a8   Data           4  mt6701.o(.bss..L_MergedGlobals)
    Elec_Angle                               0x200000ac   Data           4  mt6701.o(.bss..L_MergedGlobals)
    Ud_FF                                    0x200000b4   Data           4  pid.o(.bss..L_MergedGlobals)
    Uq_FF                                    0x200000b8   Data           4  pid.o(.bss..L_MergedGlobals)
    ADC1_Raw_Val                             0x2000011a   Data           2  adc.o(.bss..L_MergedGlobals.3)
    ADC2_Raw_Val                             0x2000011c   Data           2  adc.o(.bss..L_MergedGlobals.3)
    Target_d                                 0x20000120   Data           4  adc.o(.bss..L_MergedGlobals.3)
    VOLT_U                                   0x20000124   Data           4  adc.o(.bss..L_MergedGlobals.3)
    VOLT_V                                   0x20000128   Data           4  adc.o(.bss..L_MergedGlobals.3)
    sum1                                     0x2000012c   Data           4  adc.o(.bss..L_MergedGlobals.3)
    sum2                                     0x20000130   Data           4  adc.o(.bss..L_MergedGlobals.3)
    offsetu                                  0x20000134   Data           4  adc.o(.bss..L_MergedGlobals.3)
    offsetv                                  0x20000138   Data           4  adc.o(.bss..L_MergedGlobals.3)
    VOLT_Diff_U                              0x2000013c   Data           4  adc.o(.bss..L_MergedGlobals.3)
    VOLT_Diff_V                              0x20000140   Data           4  adc.o(.bss..L_MergedGlobals.3)
    I_U                                      0x20000144   Data           4  adc.o(.bss..L_MergedGlobals.3)
    I_V                                      0x20000148   Data           4  adc.o(.bss..L_MergedGlobals.3)
    I_Alpha                                  0x2000014c   Data           4  adc.o(.bss..L_MergedGlobals.3)
    I_Beta                                   0x20000150   Data           4  adc.o(.bss..L_MergedGlobals.3)
    Sin_Val                                  0x20000154   Data           4  adc.o(.bss..L_MergedGlobals.3)
    Cos_Val                                  0x20000158   Data           4  adc.o(.bss..L_MergedGlobals.3)
    I_d                                      0x2000015c   Data           4  adc.o(.bss..L_MergedGlobals.3)
    I_q                                      0x20000160   Data           4  adc.o(.bss..L_MergedGlobals.3)
    Filter_I_q                               0x20000164   Data           4  adc.o(.bss..L_MergedGlobals.3)
    Filter_I_d                               0x20000168   Data           4  adc.o(.bss..L_MergedGlobals.3)
    hadc1                                    0x2000016c   Data          48  adc.o(.bss..L_MergedGlobals.4)
    hadc2                                    0x2000019c   Data          48  adc.o(.bss..L_MergedGlobals.4)
    PID_Speed                                0x200001cc   Data          52  adc.o(.bss..L_MergedGlobals.5)
    PID_Position                             0x20000200   Data          52  adc.o(.bss..L_MergedGlobals.5)
    PID_Torque_q                             0x20000234   Data          52  adc.o(.bss..L_MergedGlobals.6)
    PID_Torque_d                             0x20000268   Data          52  adc.o(.bss..L_MergedGlobals.6)
    hcan                                     0x2000029c   Data          40  can.o(.bss.hcan)
    hdma_spi1_rx                             0x200002c4   Data          68  spi.o(.bss.hdma_spi1_rx)
    hdma_spi1_tx                             0x20000308   Data          68  spi.o(.bss.hdma_spi1_tx)
    hspi1                                    0x2000034c   Data          88  spi.o(.bss.hspi1)
    htim1                                    0x200003a4   Data          72  tim.o(.bss.htim1)
    htim2                                    0x200003ec   Data          72  tim.o(.bss.htim2)
    huart2                                   0x20000434   Data          72  usart.o(.bss.huart2)
    uwTick                                   0x200004bc   Data           4  stm32f1xx_hal.o(.bss.uwTick)
    __initial_sp                             0x200008c0   Data           0  startup_stm32f103xb.o(STACK)



==============================================================================

Memory Map of the image

  Image Entry point : 0x080000ed

  Load Region LR_IROM1 (Base: 0x08000000, Size: 0x00008dd8, Max: 0x00010000, ABSOLUTE)

    Execution Region ER_IROM1 (Exec base: 0x08000000, Load base: 0x08000000, Size: 0x00008db4, Max: 0x00010000, ABSOLUTE)

    Exec Addr    Load Addr    Size         Type   Attr      Idx    E Section Name        Object

    0x08000000   0x08000000   0x000000ec   Data   RO            3    RESET               startup_stm32f103xb.o
    0x080000ec   0x080000ec   0x00000000   Code   RO         1561  * .ARM.Collect$$$$00000000  mc_w.l(entry.o)
    0x080000ec   0x080000ec   0x00000004   Code   RO         1900    .ARM.Collect$$$$00000001  mc_w.l(entry2.o)
    0x080000f0   0x080000f0   0x00000004   Code   RO         1903    .ARM.Collect$$$$00000004  mc_w.l(entry5.o)
    0x080000f4   0x080000f4   0x00000000   Code   RO         1905    .ARM.Collect$$$$00000008  mc_w.l(entry7b.o)
    0x080000f4   0x080000f4   0x00000000   Code   RO         1907    .ARM.Collect$$$$0000000A  mc_w.l(entry8b.o)
    0x080000f4   0x080000f4   0x00000008   Code   RO         1908    .ARM.Collect$$$$0000000B  mc_w.l(entry9a.o)
    0x080000fc   0x080000fc   0x00000000   Code   RO         1910    .ARM.Collect$$$$0000000D  mc_w.l(entry10a.o)
    0x080000fc   0x080000fc   0x00000000   Code   RO         1912    .ARM.Collect$$$$0000000F  mc_w.l(entry11a.o)
    0x080000fc   0x080000fc   0x00000004   Code   RO         1901    .ARM.Collect$$$$00002712  mc_w.l(entry2.o)
    0x08000100   0x08000100   0x00000024   Code   RO            4    .text               startup_stm32f103xb.o
    0x08000124   0x08000124   0x0000000c   Code   RO         1564    .text               mc_w.l(toupper.o)
    0x08000130   0x08000130   0x00000024   Code   RO         1566    .text               mc_w.l(memcpya.o)
    0x08000154   0x08000154   0x00000024   Code   RO         1568    .text               mc_w.l(memseta.o)
    0x08000178   0x08000178   0x0000001a   Code   RO         1570    .text               mc_w.l(memcmp.o)
    0x08000192   0x08000192   0x00000002   PAD
    0x08000194   0x08000194   0x00000038   Code   RO         1835    .text               mc_w.l(__0sscanf.o)
    0x080001cc   0x080001cc   0x0000014c   Code   RO         1837    .text               mc_w.l(_scanf_int.o)
    0x08000318   0x08000318   0x00000360   Code   RO         1839    .text               mc_w.l(scanf_fp.o)
    0x08000678   0x08000678   0x000000b0   Code   RO         1843    .text               mf_w.l(fadd.o)
    0x08000728   0x08000728   0x00000064   Code   RO         1845    .text               mf_w.l(fmul.o)
    0x0800078c   0x0800078c   0x0000007c   Code   RO         1847    .text               mf_w.l(fdiv.o)
    0x08000808   0x08000808   0x0000014e   Code   RO         1849    .text               mf_w.l(dadd.o)
    0x08000956   0x08000956   0x000000e4   Code   RO         1851    .text               mf_w.l(dmul.o)
    0x08000a3a   0x08000a3a   0x000000de   Code   RO         1853    .text               mf_w.l(ddiv.o)
    0x08000b18   0x08000b18   0x0000001c   Code   RO         1855    .text               mf_w.l(fcmple.o)
    0x08000b34   0x08000b34   0x0000001c   Code   RO         1857    .text               mf_w.l(fcmplt.o)
    0x08000b50   0x08000b50   0x0000001c   Code   RO         1859    .text               mf_w.l(fcmpge.o)
    0x08000b6c   0x08000b6c   0x0000001c   Code   RO         1861    .text               mf_w.l(fcmpgt.o)
    0x08000b88   0x08000b88   0x0000001c   Code   RO         1863    .text               mf_w.l(fcmpeq.o)
    0x08000ba4   0x08000ba4   0x00000036   Code   RO         1865    .text               mf_w.l(dcmplt.o)
    0x08000bda   0x08000bda   0x00000012   Code   RO         1867    .text               mf_w.l(fflti.o)
    0x08000bec   0x08000bec   0x0000000a   Code   RO         1869    .text               mf_w.l(ffltui.o)
    0x08000bf6   0x08000bf6   0x0000001a   Code   RO         1871    .text               mf_w.l(dfltui.o)
    0x08000c10   0x08000c10   0x00000032   Code   RO         1873    .text               mf_w.l(ffixi.o)
    0x08000c42   0x08000c42   0x00000028   Code   RO         1875    .text               mf_w.l(ffixui.o)
    0x08000c6a   0x08000c6a   0x00000026   Code   RO         1877    .text               mf_w.l(f2d.o)
    0x08000c90   0x08000c90   0x00000038   Code   RO         1879    .text               mf_w.l(d2f.o)
    0x08000cc8   0x08000cc8   0x0000002c   Code   RO         1924    .text               mc_w.l(uidiv.o)
    0x08000cf4   0x08000cf4   0x00000062   Code   RO         1926    .text               mc_w.l(uldiv.o)
    0x08000d56   0x08000d56   0x0000001e   Code   RO         1928    .text               mc_w.l(llshl.o)
    0x08000d74   0x08000d74   0x00000024   Code   RO         1930    .text               mc_w.l(llsshr.o)
    0x08000d98   0x08000d98   0x0000001c   Code   RO         1939    .text               mc_w.l(_chval.o)
    0x08000db4   0x08000db4   0x00000028   Code   RO         1941    .text               mc_w.l(scanf_char.o)
    0x08000ddc   0x08000ddc   0x00000040   Code   RO         1943    .text               mc_w.l(_sgetc.o)
    0x08000e1c   0x08000e1c   0x00000000   Code   RO         1945    .text               mc_w.l(iusefp.o)
    0x08000e1c   0x08000e1c   0x0000006e   Code   RO         1946    .text               mf_w.l(fepilogue.o)
    0x08000e8a   0x08000e8a   0x0000005e   Code   RO         1948    .text               mf_w.l(fsqrt.o)
    0x08000ee8   0x08000ee8   0x000000ba   Code   RO         1952    .text               mf_w.l(depilogue.o)
    0x08000fa2   0x08000fa2   0x00000018   Code   RO         1954    .text               mf_w.l(dfltul.o)
    0x08000fba   0x08000fba   0x00000030   Code   RO         1956    .text               mf_w.l(dfixul.o)
    0x08000fea   0x08000fea   0x00000002   PAD
    0x08000fec   0x08000fec   0x00000030   Code   RO         1958    .text               mf_w.l(cdrcmple.o)
    0x0800101c   0x0800101c   0x00000030   Code   RO         1960    .text               mc_w.l(init.o)
    0x0800104c   0x0800104c   0x00000020   Code   RO         1962    .text               mc_w.l(llushr.o)
    0x0800106c   0x0800106c   0x0000000a   Code   RO         1964    .text               mc_w.l(isspace_c.o)
    0x08001076   0x08001076   0x00000002   PAD
    0x08001078   0x08001078   0x0000032c   Code   RO         1966    .text               mc_w.l(_scanf.o)
    0x080013a4   0x080013a4   0x00000028   Code   RO         1970    .text               mc_w.l(ctype_c.o)
    0x080013cc   0x080013cc   0x0000001e   Code   RO          193    .text.ADC1_2_IRQHandler  stm32f1xx_it.o
    0x080013ea   0x080013ea   0x00000002   PAD
    0x080013ec   0x080013ec   0x00000054   Code   RO          235    .text.ADC_ConversionStop_Disable  stm32f1xx_hal_adc.o
    0x08001440   0x08001440   0x000000ae   Code   RO          243    .text.ADC_Enable    stm32f1xx_hal_adc.o
    0x080014ee   0x080014ee   0x00000002   PAD
    0x080014f0   0x080014f0   0x00000002   Code   RO          177    .text.BusFault_Handler  stm32f1xx_it.o
    0x080014f2   0x080014f2   0x00000002   PAD
    0x080014f4   0x080014f4   0x0000000c   Code   RO          189    .text.DMA1_Channel2_IRQHandler  stm32f1xx_it.o
    0x08001500   0x08001500   0x0000000c   Code   RO          191    .text.DMA1_Channel3_IRQHandler  stm32f1xx_it.o
    0x0800150c   0x0800150c   0x00000002   Code   RO          183    .text.DebugMon_Handler  stm32f1xx_it.o
    0x0800150e   0x0800150e   0x00000002   PAD
    0x08001510   0x08001510   0x00000040   Code   RO         1308    .text.Diff_Indentify  mt6701.o
    0x08001550   0x08001550   0x0000000a   Code   RO           15    .text.Error_Handler  main.o
    0x0800155a   0x0800155a   0x00000002   PAD
    0x0800155c   0x0800155c   0x000000f8   Code   RO         1381    .text.FocCan_ControlStep  foc_can.o
    0x08001654   0x08001654   0x0000000c   Code   RO         1387    .text.FocCan_GetStatus  foc_can.o
    0x08001660   0x08001660   0x000000dc   Code   RO         1377    .text.FocCan_Init   foc_can.o
    0x0800173c   0x0800173c   0x00000012   Code   RO         1383    .text.FocCan_NotifySerialCommand  foc_can.o
    0x0800174e   0x0800174e   0x00000002   PAD
    0x08001750   0x08001750   0x000000b6   Code   RO         1379    .text.FocCan_Process  foc_can.o
    0x08001806   0x08001806   0x00000002   PAD
    0x08001808   0x08001808   0x00000018   Code   RO         1391    .text.FocCan_SetLoopback  foc_can.o
    0x08001820   0x08001820   0x00000102   Code   RO         1389    .text.FocCan_SetTimingProfile  foc_can.o
    0x08001922   0x08001922   0x00000002   PAD
    0x08001924   0x08001924   0x0000007a   Code   RO         1385    .text.FocCan_Stop   foc_can.o
    0x0800199e   0x0800199e   0x00000002   PAD
    0x080019a0   0x080019a0   0x0000011a   Code   RO          293    .text.HAL_ADCEx_Calibration_Start  stm32f1xx_hal_adc_ex.o
    0x08001aba   0x08001aba   0x00000002   PAD
    0x08001abc   0x08001abc   0x0000021a   Code   RO          315    .text.HAL_ADCEx_InjectedConfigChannel  stm32f1xx_hal_adc_ex.o
    0x08001cd6   0x08001cd6   0x00000002   PAD
    0x08001cd8   0x08001cd8   0x00000250   Code   RO           48    .text.HAL_ADCEx_InjectedConvCpltCallback  adc.o
    0x08001f28   0x08001f28   0x00000014   Code   RO          309    .text.HAL_ADCEx_InjectedGetValue  stm32f1xx_hal_adc_ex.o
    0x08001f3c   0x08001f3c   0x000000b0   Code   RO          295    .text.HAL_ADCEx_InjectedStart  stm32f1xx_hal_adc_ex.o
    0x08001fec   0x08001fec   0x000000b8   Code   RO          301    .text.HAL_ADCEx_InjectedStart_IT  stm32f1xx_hal_adc_ex.o
    0x080020a4   0x080020a4   0x0000005a   Code   RO          317    .text.HAL_ADCEx_MultiModeConfigChannel  stm32f1xx_hal_adc_ex.o
    0x080020fe   0x080020fe   0x00000002   PAD
    0x08002100   0x08002100   0x00000002   Code   RO          269    .text.HAL_ADC_ConvCpltCallback  stm32f1xx_hal_adc.o
    0x08002102   0x08002102   0x00000002   PAD
    0x08002104   0x08002104   0x000000ee   Code   RO          267    .text.HAL_ADC_IRQHandler  stm32f1xx_hal_adc.o
    0x080021f2   0x080021f2   0x00000002   PAD
    0x080021f4   0x080021f4   0x00000158   Code   RO          231    .text.HAL_ADC_Init  stm32f1xx_hal_adc.o
    0x0800234c   0x0800234c   0x00000002   Code   RO          271    .text.HAL_ADC_LevelOutOfWindowCallback  stm32f1xx_hal_adc.o
    0x0800234e   0x0800234e   0x00000002   PAD
    0x08002350   0x08002350   0x000000b2   Code   RO           44    .text.HAL_ADC_MspInit  adc.o
    0x08002402   0x08002402   0x00000002   PAD
    0x08002404   0x08002404   0x00000056   Code   RO          682    .text.HAL_CAN_AbortTxRequest  stm32f1xx_hal_can.o
    0x0800245a   0x0800245a   0x00000002   PAD
    0x0800245c   0x0800245c   0x0000002e   Code   RO          694    .text.HAL_CAN_ActivateNotification  stm32f1xx_hal_can.o
    0x0800248a   0x0800248a   0x00000002   PAD
    0x0800248c   0x0800248c   0x000000a4   Code   RO          680    .text.HAL_CAN_AddTxMessage  stm32f1xx_hal_can.o
    0x08002530   0x08002530   0x000000ea   Code   RO          670    .text.HAL_CAN_ConfigFilter  stm32f1xx_hal_can.o
    0x0800261a   0x0800261a   0x00000002   PAD
    0x0800261c   0x0800261c   0x00000078   Code   RO          664    .text.HAL_CAN_DeInit  stm32f1xx_hal_can.o
    0x08002694   0x08002694   0x00000024   Code   RO         1395    .text.HAL_CAN_ErrorCallback  foc_can.o
    0x080026b8   0x080026b8   0x0000012e   Code   RO          690    .text.HAL_CAN_GetRxMessage  stm32f1xx_hal_can.o
    0x080027e6   0x080027e6   0x00000002   PAD
    0x080027e8   0x080027e8   0x00000028   Code   RO          684    .text.HAL_CAN_GetTxMailboxesFreeLevel  stm32f1xx_hal_can.o
    0x08002810   0x08002810   0x0000025e   Code   RO          698    .text.HAL_CAN_IRQHandler  stm32f1xx_hal_can.o
    0x08002a6e   0x08002a6e   0x00000002   PAD
    0x08002a70   0x08002a70   0x000000f4   Code   RO          660    .text.HAL_CAN_Init  stm32f1xx_hal_can.o
    0x08002b64   0x08002b64   0x00000038   Code   RO           76    .text.HAL_CAN_MspDeInit  can.o
    0x08002b9c   0x08002b9c   0x0000008e   Code   RO           74    .text.HAL_CAN_MspInit  can.o
    0x08002c2a   0x08002c2a   0x00000002   PAD
    0x08002c2c   0x08002c2c   0x00000002   Code   RO          712    .text.HAL_CAN_RxFifo0FullCallback  stm32f1xx_hal_can.o
    0x08002c2e   0x08002c2e   0x00000002   PAD
    0x08002c30   0x08002c30   0x000000da   Code   RO         1393    .text.HAL_CAN_RxFifo0MsgPendingCallback  foc_can.o
    0x08002d0a   0x08002d0a   0x00000002   PAD
    0x08002d0c   0x08002d0c   0x00000002   Code   RO          716    .text.HAL_CAN_RxFifo1FullCallback  stm32f1xx_hal_can.o
    0x08002d0e   0x08002d0e   0x00000002   PAD
    0x08002d10   0x08002d10   0x00000002   Code   RO          718    .text.HAL_CAN_RxFifo1MsgPendingCallback  stm32f1xx_hal_can.o
    0x08002d12   0x08002d12   0x00000002   PAD
    0x08002d14   0x08002d14   0x00000002   Code   RO          720    .text.HAL_CAN_SleepCallback  stm32f1xx_hal_can.o
    0x08002d16   0x08002d16   0x00000002   PAD
    0x08002d18   0x08002d18   0x0000005a   Code   RO          672    .text.HAL_CAN_Start  stm32f1xx_hal_can.o
    0x08002d72   0x08002d72   0x00000002   PAD
    0x08002d74   0x08002d74   0x0000005e   Code   RO          666    .text.HAL_CAN_Stop  stm32f1xx_hal_can.o
    0x08002dd2   0x08002dd2   0x00000002   PAD
    0x08002dd4   0x08002dd4   0x00000002   Code   RO          702    .text.HAL_CAN_TxMailbox0AbortCallback  stm32f1xx_hal_can.o
    0x08002dd6   0x08002dd6   0x00000002   PAD
    0x08002dd8   0x08002dd8   0x00000002   Code   RO          700    .text.HAL_CAN_TxMailbox0CompleteCallback  stm32f1xx_hal_can.o
    0x08002dda   0x08002dda   0x00000002   PAD
    0x08002ddc   0x08002ddc   0x00000002   Code   RO          706    .text.HAL_CAN_TxMailbox1AbortCallback  stm32f1xx_hal_can.o
    0x08002dde   0x08002dde   0x00000002   PAD
    0x08002de0   0x08002de0   0x00000002   Code   RO          704    .text.HAL_CAN_TxMailbox1CompleteCallback  stm32f1xx_hal_can.o
    0x08002de2   0x08002de2   0x00000002   PAD
    0x08002de4   0x08002de4   0x00000002   Code   RO          710    .text.HAL_CAN_TxMailbox2AbortCallback  stm32f1xx_hal_can.o
    0x08002de6   0x08002de6   0x00000002   PAD
    0x08002de8   0x08002de8   0x00000002   Code   RO          708    .text.HAL_CAN_TxMailbox2CompleteCallback  stm32f1xx_hal_can.o
    0x08002dea   0x08002dea   0x00000002   PAD
    0x08002dec   0x08002dec   0x00000002   Code   RO          722    .text.HAL_CAN_WakeUpFromRxMsgCallback  stm32f1xx_hal_can.o
    0x08002dee   0x08002dee   0x00000002   PAD
    0x08002df0   0x08002df0   0x00000046   Code   RO          471    .text.HAL_DMA_Abort  stm32f1xx_hal_dma.o
    0x08002e36   0x08002e36   0x00000002   PAD
    0x08002e38   0x08002e38   0x000000b6   Code   RO          473    .text.HAL_DMA_Abort_IT  stm32f1xx_hal_dma.o
    0x08002eee   0x08002eee   0x00000002   PAD
    0x08002ef0   0x08002ef0   0x000001a0   Code   RO          477    .text.HAL_DMA_IRQHandler  stm32f1xx_hal_dma.o
    0x08003090   0x08003090   0x00000084   Code   RO          463    .text.HAL_DMA_Init  stm32f1xx_hal_dma.o
    0x08003114   0x08003114   0x000000a0   Code   RO          469    .text.HAL_DMA_Start_IT  stm32f1xx_hal_dma.o
    0x080031b4   0x080031b4   0x00000028   Code   RO          347    .text.HAL_Delay     stm32f1xx_hal.o
    0x080031dc   0x080031dc   0x00000114   Code   RO          441    .text.HAL_GPIO_DeInit  stm32f1xx_hal_gpio.o
    0x080032f0   0x080032f0   0x0000020e   Code   RO          439    .text.HAL_GPIO_Init  stm32f1xx_hal_gpio.o
    0x080034fe   0x080034fe   0x00000002   PAD
    0x08003500   0x08003500   0x00000010   Code   RO          447    .text.HAL_GPIO_TogglePin  stm32f1xx_hal_gpio.o
    0x08003510   0x08003510   0x0000000a   Code   RO          445    .text.HAL_GPIO_WritePin  stm32f1xx_hal_gpio.o
    0x0800351a   0x0800351a   0x00000002   PAD
    0x0800351c   0x0800351c   0x0000000c   Code   RO          339    .text.HAL_GetTick   stm32f1xx_hal.o
    0x08003528   0x08003528   0x0000001a   Code   RO          337    .text.HAL_IncTick   stm32f1xx_hal.o
    0x08003542   0x08003542   0x00000002   PAD
    0x08003544   0x08003544   0x00000026   Code   RO          327    .text.HAL_Init      stm32f1xx_hal.o
    0x0800356a   0x0800356a   0x00000002   PAD
    0x0800356c   0x0800356c   0x00000048   Code   RO          329    .text.HAL_InitTick  stm32f1xx_hal.o
    0x080035b4   0x080035b4   0x00000042   Code   RO          208    .text.HAL_MspInit   stm32f1xx_hal_msp.o
    0x080035f6   0x080035f6   0x00000002   PAD
    0x080035f8   0x080035f8   0x0000002a   Code   RO          501    .text.HAL_NVIC_DisableIRQ  stm32f1xx_hal_cortex.o
    0x08003622   0x08003622   0x00000002   PAD
    0x08003624   0x08003624   0x00000022   Code   RO          499    .text.HAL_NVIC_EnableIRQ  stm32f1xx_hal_cortex.o
    0x08003646   0x08003646   0x00000002   PAD
    0x08003648   0x08003648   0x00000056   Code   RO          497    .text.HAL_NVIC_SetPriority  stm32f1xx_hal_cortex.o
    0x0800369e   0x0800369e   0x00000002   PAD
    0x080036a0   0x080036a0   0x00000020   Code   RO          495    .text.HAL_NVIC_SetPriorityGrouping  stm32f1xx_hal_cortex.o
    0x080036c0   0x080036c0   0x000000f8   Code   RO          429    .text.HAL_RCCEx_GetPeriphCLKFreq  stm32f1xx_hal_rcc_ex.o
    0x080037b8   0x080037b8   0x00000102   Code   RO          425    .text.HAL_RCCEx_PeriphCLKConfig  stm32f1xx_hal_rcc_ex.o
    0x080038ba   0x080038ba   0x00000002   PAD
    0x080038bc   0x080038bc   0x000001ba   Code   RO          391    .text.HAL_RCC_ClockConfig  stm32f1xx_hal_rcc.o
    0x08003a76   0x08003a76   0x00000002   PAD
    0x08003a78   0x08003a78   0x0000000c   Code   RO          401    .text.HAL_RCC_GetHCLKFreq  stm32f1xx_hal_rcc.o
    0x08003a84   0x08003a84   0x00000026   Code   RO          403    .text.HAL_RCC_GetPCLK1Freq  stm32f1xx_hal_rcc.o
    0x08003aaa   0x08003aaa   0x00000002   PAD
    0x08003aac   0x08003aac   0x00000026   Code   RO          405    .text.HAL_RCC_GetPCLK2Freq  stm32f1xx_hal_rcc.o
    0x08003ad2   0x08003ad2   0x00000002   PAD
    0x08003ad4   0x08003ad4   0x00000056   Code   RO          393    .text.HAL_RCC_GetSysClockFreq  stm32f1xx_hal_rcc.o
    0x08003b2a   0x08003b2a   0x00000002   PAD
    0x08003b2c   0x08003b2c   0x00000400   Code   RO          389    .text.HAL_RCC_OscConfig  stm32f1xx_hal_rcc.o
    0x08003f2c   0x08003f2c   0x00000002   Code   RO          820    .text.HAL_SPI_ErrorCallback  stm32f1xx_hal_spi.o
    0x08003f2e   0x08003f2e   0x00000002   PAD
    0x08003f30   0x08003f30   0x000000a8   Code   RO          740    .text.HAL_SPI_Init  stm32f1xx_hal_spi.o
    0x08003fd8   0x08003fd8   0x000000e8   Code   RO           98    .text.HAL_SPI_MspInit  spi.o
    0x080040c0   0x080040c0   0x00000002   Code   RO          824    .text.HAL_SPI_RxCpltCallback  stm32f1xx_hal_spi.o
    0x080040c2   0x080040c2   0x00000002   PAD
    0x080040c4   0x080040c4   0x00000002   Code   RO          830    .text.HAL_SPI_RxHalfCpltCallback  stm32f1xx_hal_spi.o
    0x080040c6   0x080040c6   0x00000002   PAD
    0x080040c8   0x080040c8   0x00000132   Code   RO          786    .text.HAL_SPI_TransmitReceive_DMA  stm32f1xx_hal_spi.o
    0x080041fa   0x080041fa   0x00000002   PAD
    0x080041fc   0x080041fc   0x000000e4   Code   RO         1310    .text.HAL_SPI_TxRxCpltCallback  mt6701.o
    0x080042e0   0x080042e0   0x00000002   Code   RO          832    .text.HAL_SPI_TxRxHalfCpltCallback  stm32f1xx_hal_spi.o
    0x080042e2   0x080042e2   0x00000002   PAD
    0x080042e4   0x080042e4   0x0000002c   Code   RO          507    .text.HAL_SYSTICK_Config  stm32f1xx_hal_cortex.o
    0x08004310   0x08004310   0x00000002   Code   RO         1159    .text.HAL_TIMEx_BreakCallback  stm32f1xx_hal_tim_ex.o
    0x08004312   0x08004312   0x00000002   PAD
    0x08004314   0x08004314   0x00000002   Code   RO         1155    .text.HAL_TIMEx_CommutCallback  stm32f1xx_hal_tim_ex.o
    0x08004316   0x08004316   0x00000002   PAD
    0x08004318   0x08004318   0x0000004c   Code   RO         1151    .text.HAL_TIMEx_ConfigBreakDeadTime  stm32f1xx_hal_tim_ex.o
    0x08004364   0x08004364   0x0000007e   Code   RO         1149    .text.HAL_TIMEx_MasterConfigSynchronization  stm32f1xx_hal_tim_ex.o
    0x080043e2   0x080043e2   0x00000002   PAD
    0x080043e4   0x080043e4   0x000000fa   Code   RO          854    .text.HAL_TIM_Base_Init  stm32f1xx_hal_tim.o
    0x080044de   0x080044de   0x00000002   PAD
    0x080044e0   0x080044e0   0x00000068   Code   RO          119    .text.HAL_TIM_Base_MspInit  tim.o
    0x08004548   0x08004548   0x0000006e   Code   RO          868    .text.HAL_TIM_Base_Start_IT  stm32f1xx_hal_tim.o
    0x080045b6   0x080045b6   0x00000002   PAD
    0x080045b8   0x080045b8   0x000001a0   Code   RO         1034    .text.HAL_TIM_ConfigClockSource  stm32f1xx_hal_tim.o
    0x08004758   0x08004758   0x00000002   Code   RO          990    .text.HAL_TIM_IC_CaptureCallback  stm32f1xx_hal_tim.o
    0x0800475a   0x0800475a   0x00000002   PAD
    0x0800475c   0x0800475c   0x0000014e   Code   RO          988    .text.HAL_TIM_IRQHandler  stm32f1xx_hal_tim.o
    0x080048aa   0x080048aa   0x00000002   PAD
    0x080048ac   0x080048ac   0x00000002   Code   RO          992    .text.HAL_TIM_OC_DelayElapsedCallback  stm32f1xx_hal_tim.o
    0x080048ae   0x080048ae   0x00000002   PAD
    0x080048b0   0x080048b0   0x00000204   Code   RO         1008    .text.HAL_TIM_PWM_ConfigChannel  stm32f1xx_hal_tim.o
    0x08004ab4   0x08004ab4   0x000000fa   Code   RO          908    .text.HAL_TIM_PWM_Init  stm32f1xx_hal_tim.o
    0x08004bae   0x08004bae   0x00000002   PAD
    0x08004bb0   0x08004bb0   0x00000002   Code   RO          910    .text.HAL_TIM_PWM_MspInit  stm32f1xx_hal_tim.o
    0x08004bb2   0x08004bb2   0x00000002   PAD
    0x08004bb4   0x08004bb4   0x00000002   Code   RO          994    .text.HAL_TIM_PWM_PulseFinishedCallback  stm32f1xx_hal_tim.o
    0x08004bb6   0x08004bb6   0x00000002   PAD
    0x08004bb8   0x08004bb8   0x000000da   Code   RO          916    .text.HAL_TIM_PWM_Start  stm32f1xx_hal_tim.o
    0x08004c92   0x08004c92   0x00000002   PAD
    0x08004c94   0x08004c94   0x00000098   Code   RO          123    .text.HAL_TIM_PeriodElapsedCallback  tim.o
    0x08004d2c   0x08004d2c   0x00000002   Code   RO          998    .text.HAL_TIM_TriggerCallback  stm32f1xx_hal_tim.o
    0x08004d2e   0x08004d2e   0x00000002   PAD
    0x08004d30   0x08004d30   0x00000002   Code   RO         1257    .text.HAL_UARTEx_RxEventCallback  stm32f1xx_hal_uart.o
    0x08004d32   0x08004d32   0x00000002   PAD
    0x08004d34   0x08004d34   0x00000082   Code   RO          157    .text.HAL_UART_ErrorCallback  usart.o
    0x08004db6   0x08004db6   0x00000002   PAD
    0x08004db8   0x08004db8   0x00000570   Code   RO         1249    .text.HAL_UART_IRQHandler  stm32f1xx_hal_uart.o
    0x08005328   0x08005328   0x000000e2   Code   RO         1173    .text.HAL_UART_Init  stm32f1xx_hal_uart.o
    0x0800540a   0x0800540a   0x00000002   PAD
    0x0800540c   0x0800540c   0x0000008a   Code   RO          139    .text.HAL_UART_MspInit  usart.o
    0x08005496   0x08005496   0x00000002   PAD
    0x08005498   0x08005498   0x00000054   Code   RO         1193    .text.HAL_UART_Receive_IT  stm32f1xx_hal_uart.o
    0x080054ec   0x080054ec   0x000000a4   Code   RO          155    .text.HAL_UART_RxCpltCallback  usart.o
    0x08005590   0x08005590   0x00000192   Code   RO         1187    .text.HAL_UART_Transmit  stm32f1xx_hal_uart.o
    0x08005722   0x08005722   0x00000002   PAD
    0x08005724   0x08005724   0x00000002   Code   RO         1259    .text.HAL_UART_TxCpltCallback  stm32f1xx_hal_uart.o
    0x08005726   0x08005726   0x00000002   PAD
    0x08005728   0x08005728   0x00000002   Code   RO          173    .text.HardFault_Handler  stm32f1xx_it.o
    0x0800572a   0x0800572a   0x00000002   PAD
    0x0800572c   0x0800572c   0x00000052   Code   RO         1368    .text.Low_Pass_Filter  lowpassfilter.o
    0x0800577e   0x0800577e   0x00000002   PAD
    0x08005780   0x08005780   0x00000082   Code   RO           40    .text.MX_ADC1_Init  adc.o
    0x08005802   0x08005802   0x00000002   PAD
    0x08005804   0x08005804   0x00000062   Code   RO           42    .text.MX_ADC2_Init  adc.o
    0x08005866   0x08005866   0x00000002   PAD
    0x08005868   0x08005868   0x00000042   Code   RO           72    .text.MX_CAN_Init   can.o
    0x080058aa   0x080058aa   0x00000002   PAD
    0x080058ac   0x080058ac   0x00000044   Code   RO           87    .text.MX_DMA_Init   dma.o
    0x080058f0   0x080058f0   0x000000b6   Code   RO           31    .text.MX_GPIO_Init  gpio.o
    0x080059a6   0x080059a6   0x00000002   PAD
    0x080059a8   0x080059a8   0x0000004c   Code   RO           96    .text.MX_SPI1_Init  spi.o
    0x080059f4   0x080059f4   0x0000017c   Code   RO          113    .text.MX_TIM1_Init  tim.o
    0x08005b70   0x08005b70   0x00000072   Code   RO          117    .text.MX_TIM2_Init  tim.o
    0x08005be2   0x08005be2   0x00000002   PAD
    0x08005be4   0x08005be4   0x0000003c   Code   RO          137    .text.MX_USART2_UART_Init  usart.o
    0x08005c20   0x08005c20   0x00000002   Code   RO          175    .text.MemManage_Handler  stm32f1xx_it.o
    0x08005c22   0x08005c22   0x00000002   PAD
    0x08005c24   0x08005c24   0x00000002   Code   RO          171    .text.NMI_Handler   stm32f1xx_it.o
    0x08005c26   0x08005c26   0x00000002   PAD
    0x08005c28   0x08005c28   0x000000d4   Code   RO         1340    .text.PID_Calculate  pid.o
    0x08005cfc   0x08005cfc   0x00000026   Code   RO         1336    .text.PID_Init      pid.o
    0x08005d22   0x08005d22   0x00000002   PAD
    0x08005d24   0x08005d24   0x000000d2   Code   RO         1325    .text.PWM_Set_Compare  open_loop.o
    0x08005df6   0x08005df6   0x00000002   PAD
    0x08005df8   0x08005df8   0x00000002   Code   RO          185    .text.PendSV_Handler  stm32f1xx_it.o
    0x08005dfa   0x08005dfa   0x00000002   PAD
    0x08005dfc   0x08005dfc   0x0000027e   Code   RO         1352    .text.Position_Control  pid.o
    0x0800607a   0x0800607a   0x00000002   PAD
    0x0800607c   0x0800607c   0x00000260   Code   RO         1348    .text.Position_Loop  pid.o
    0x080062dc   0x080062dc   0x0000001e   Code   RO          782    .text.SPI_DMAError  stm32f1xx_hal_spi.o
    0x080062fa   0x080062fa   0x00000002   PAD
    0x080062fc   0x080062fc   0x00000006   Code   RO          788    .text.SPI_DMAHalfReceiveCplt  stm32f1xx_hal_spi.o
    0x08006302   0x08006302   0x00000002   PAD
    0x08006304   0x08006304   0x00000006   Code   RO          792    .text.SPI_DMAHalfTransmitReceiveCplt  stm32f1xx_hal_spi.o
    0x0800630a   0x0800630a   0x00000002   PAD
    0x0800630c   0x0800630c   0x000000ac   Code   RO          790    .text.SPI_DMAReceiveCplt  stm32f1xx_hal_spi.o
    0x080063b8   0x080063b8   0x00000084   Code   RO          794    .text.SPI_DMATransmitReceiveCplt  stm32f1xx_hal_spi.o
    0x0800643c   0x0800643c   0x00000120   Code   RO          844    .text.SPI_WaitFlagStateUntilTimeout  stm32f1xx_hal_spi.o
    0x0800655c   0x0800655c   0x00000002   Code   RO          181    .text.SVC_Handler   stm32f1xx_it.o
    0x0800655e   0x0800655e   0x00000002   PAD
    0x08006560   0x08006560   0x0000025c   Code   RO         1323    .text.SVPWM_Set_Duty  open_loop.o
    0x080067bc   0x080067bc   0x00000054   Code   RO         1350    .text.Speed_Contorl  pid.o
    0x08006810   0x08006810   0x00000004   Code   RO          187    .text.SysTick_Handler  stm32f1xx_it.o
    0x08006814   0x08006814   0x00000002   Code   RO         1293    .text.SystemInit    system_stm32f1xx.o
    0x08006816   0x08006816   0x00000002   PAD
    0x08006818   0x08006818   0x0000000c   Code   RO          197    .text.TIM2_IRQHandler  stm32f1xx_it.o
    0x08006824   0x08006824   0x00000146   Code   RO         1354    .text.Torque_Control  pid.o
    0x0800696a   0x0800696a   0x00000002   PAD
    0x0800696c   0x0800696c   0x0000000c   Code   RO          153    .text.UART2_GetLogMode  usart.o
    0x08006978   0x08006978   0x00000074   Code   RO          149    .text.UART2_PollRecovery  usart.o
    0x080069ec   0x080069ec   0x00000568   Code   RO          151    .text.UART2_ProcessPendingCommand  usart.o
    0x08006f54   0x08006f54   0x0000004a   Code   RO          145    .text.UART2_SendBuffer  usart.o
    0x08006f9e   0x08006f9e   0x00000002   PAD
    0x08006fa0   0x08006fa0   0x00000084   Code   RO          147    .text.UART2_StartRx  usart.o
    0x08007024   0x08007024   0x0000000c   Code   RO         1253    .text.UART_DMAAbortOnError  stm32f1xx_hal_uart.o
    0x08007030   0x08007030   0x000000fe   Code   RO         1251    .text.UART_Receive_IT  stm32f1xx_hal_uart.o
    0x0800712e   0x0800712e   0x00000002   PAD
    0x08007130   0x08007130   0x0000000c   Code   RO          199    .text.USART2_IRQHandler  stm32f1xx_it.o
    0x0800713c   0x0800713c   0x0000000c   Code   RO          195    .text.USB_LP_CAN1_RX0_IRQHandler  stm32f1xx_it.o
    0x08007148   0x08007148   0x00000002   Code   RO          179    .text.UsageFault_Handler  stm32f1xx_it.o
    0x0800714a   0x0800714a   0x000000ac   Code   RO         1407    .text.arm_cos_f32   arm_cortexM3l_math.lib(arm_cos_f32.o)
    0x080071f6   0x080071f6   0x000001c8   Code   RO         1425    .text.arm_sin_cos_f32  arm_cortexM3l_math.lib(arm_sin_cos_f32.o)
    0x080073be   0x080073be   0x000000a4   Code   RO         1416    .text.arm_sin_f32   arm_cortexM3l_math.lib(arm_sin_f32.o)
    0x08007462   0x08007462   0x00000002   PAD
    0x08007464   0x08007464   0x00000024   Code   RO          143    .text.fputc         usart.o
    0x08007488   0x08007488   0x000003a8   Code   RO           11    .text.main          main.o
    0x08007830   0x08007830   0x00000020   Code   RO         1807    i.__0printf         mc_w.l(printfa.o)
    0x08007850   0x08007850   0x00000034   Code   RO         1808    i.__0snprintf       mc_w.l(printfa.o)
    0x08007884   0x08007884   0x0000000e   Code   RO         1975    i.__scatterload_copy  mc_w.l(handlers.o)
    0x08007892   0x08007892   0x00000002   Code   RO         1976    i.__scatterload_null  mc_w.l(handlers.o)
    0x08007894   0x08007894   0x0000000e   Code   RO         1977    i.__scatterload_zeroinit  mc_w.l(handlers.o)
    0x080078a2   0x080078a2   0x00000002   PAD
    0x080078a4   0x080078a4   0x0000000c   Code   RO         1934    i.__set_errno       mc_w.l(errno.o)
    0x080078b0   0x080078b0   0x00000184   Code   RO         1814    i._fp_digits        mc_w.l(printfa.o)
    0x08007a34   0x08007a34   0x0000000e   Code   RO         1841    i._is_digit         mc_w.l(scanf_fp.o)
    0x08007a42   0x08007a42   0x00000002   PAD
    0x08007a44   0x08007a44   0x000006dc   Code   RO         1815    i._printf_core      mc_w.l(printfa.o)
    0x08008120   0x08008120   0x00000024   Code   RO         1816    i._printf_post_padding  mc_w.l(printfa.o)
    0x08008144   0x08008144   0x0000002e   Code   RO         1817    i._printf_pre_padding  mc_w.l(printfa.o)
    0x08008172   0x08008172   0x00000016   Code   RO         1818    i._snputc           mc_w.l(printfa.o)
    0x08008188   0x08008188   0x0000002c   Code   RO         1558    i.sqrtf             m_ws.l(sqrtf.o)
    0x080081b4   0x080081b4   0x00000040   Data   RO         1971    .constdata          mc_w.l(ctype_c.o)
    0x080081f4   0x080081f4   0x00000012   Data   RO         1327    .rodata..L__const.SVPWM_Set_Duty.Sectors  open_loop.o
    0x08008206   0x08008206   0x00000010   Data   RO         1298    .rodata.AHBPrescTable  system_stm32f1xx.o
    0x08008216   0x08008216   0x00000008   Data   RO         1299    .rodata.APBPrescTable  system_stm32f1xx.o
    0x0800821e   0x0800821e   0x00000002   Data   RO          416    .rodata.HAL_RCC_GetSysClockFreq.aPredivFactorTable  stm32f1xx_hal_rcc.o
    0x08008220   0x08008220   0x00000010   Data   RO          415    .rodata.cst16       stm32f1xx_hal_rcc.o
    0x08008230   0x08008230   0x00000804   Data   RO         1546    .rodata.sinTable_f32  arm_cortexM3l_math.lib(arm_common_tables.o)
    0x08008a34   0x08008a34   0x0000006d   Data   RO           20    .rodata.str1.1      main.o
    0x08008aa1   0x08008aa1   0x00000250   Data   RO          161    .rodata.str1.1      usart.o
    0x08008cf1   0x08008cf1   0x00000003   PAD
    0x08008cf4   0x08008cf4   0x000000a0   Data   RO         1397    .rodata.timing_profiles  foc_can.o
    0x08008d94   0x08008d94   0x00000020   Data   RO         1974    Region$$Table       anon$$obj.o


    Execution Region RW_IRAM1 (Exec base: 0x20000000, Load base: 0x08008db8, Size: 0x000008c0, Max: 0x00005000, ABSOLUTE)

    Exec Addr    Load Addr    Size         Type   Attr      Idx    E Section Name        Object

    0x20000000   0x08008db8   0x00000004   Data   RW         1914    .data               mc_w.l(stdout.o)
    0x20000004   0x08008dbc   0x00000004   Data   RW         1935    .data               mc_w.l(errno.o)
    0x20000008   0x08008dc0   0x00000008   Data   RW           59    .data..L_MergedGlobals  adc.o
    0x20000010   0x08008dc8   0x00000008   Data   RW          378    .data..L_MergedGlobals  stm32f1xx_hal.o
    0x20000018   0x08008dd0   0x00000004   Data   RW          127    .data.Speed_Alpha   tim.o
    0x2000001c   0x08008dd4   0x00000004   Data   RW         1297    .data.SystemCoreClock  system_stm32f1xx.o
    0x20000020        -       0x00000008   Zero   RW           22    .bss..L_MergedGlobals  main.o
    0x20000028        -       0x00000018   Zero   RW          128    .bss..L_MergedGlobals  tim.o
    0x20000040        -       0x00000058   Zero   RW          162    .bss..L_MergedGlobals  usart.o
    0x20000098        -       0x00000018   Zero   RW         1312    .bss..L_MergedGlobals  mt6701.o
    0x200000b0        -       0x0000001c   Zero   RW         1359    .bss..L_MergedGlobals  pid.o
    0x200000cc        -       0x0000004c   Zero   RW         1398    .bss..L_MergedGlobals  foc_can.o
    0x20000118        -       0x00000054   Zero   RW           60    .bss..L_MergedGlobals.3  adc.o
    0x2000016c        -       0x00000060   Zero   RW           61    .bss..L_MergedGlobals.4  adc.o
    0x200001cc        -       0x00000068   Zero   RW           62    .bss..L_MergedGlobals.5  adc.o
    0x20000234        -       0x00000068   Zero   RW           63    .bss..L_MergedGlobals.6  adc.o
    0x2000029c        -       0x00000028   Zero   RW           78    .bss.hcan           can.o
    0x200002c4        -       0x00000044   Zero   RW          104    .bss.hdma_spi1_rx   spi.o
    0x20000308        -       0x00000044   Zero   RW          103    .bss.hdma_spi1_tx   spi.o
    0x2000034c        -       0x00000058   Zero   RW          102    .bss.hspi1          spi.o
    0x200003a4        -       0x00000048   Zero   RW          125    .bss.htim1          tim.o
    0x200003ec        -       0x00000048   Zero   RW          126    .bss.htim2          tim.o
    0x20000434        -       0x00000048   Zero   RW          159    .bss.huart2         usart.o
    0x2000047c        -       0x00000040   Zero   RW          160    .bss.uart_line_buffer  usart.o
    0x200004bc        -       0x00000004   Zero   RW          377    .bss.uwTick         stm32f1xx_hal.o
    0x200004c0        -       0x00000400   Zero   RW            1    STACK               startup_stm32f103xb.o


==============================================================================

Image component sizes


      Code (inc. data)   RO Data    RW Data    ZI Data      Debug   Object Name

       998          0          0          8        388       9279   adc.o
       264          0          0          0         40       4868   can.o
        68          0          0          0          0       2131   dma.o
      1338          0        160          0         76      10263   foc_can.o
       182          0          0          0          0       1531   gpio.o
        82          0          0          0          0        627   lowpassfilter.o
       946         48        109          0          8       5684   main.o
       292          0          0          0         24       4135   mt6701.o
       814          8         18          0          0       2874   open_loop.o
      1906          0          0          0         28       8202   pid.o
       308          0          0          0        224       4403   spi.o
        36          8        236          0       1024        760   startup_stm32f103xb.o
       188          0          0          8          4       5711   stm32f1xx_hal.o
       844          0          0          0          0      13485   stm32f1xx_hal_adc.o
      1290          0          0          0          0       9821   stm32f1xx_hal_adc_ex.o
      2048          6          0          0          0      13818   stm32f1xx_hal_can.o
       238          0          0          0          0       8369   stm32f1xx_hal_cortex.o
       960          0          0          0          0       8517   stm32f1xx_hal_dma.o
       828         22          0          0          0       4711   stm32f1xx_hal_gpio.o
        66          0          0          0          0       1158   stm32f1xx_hal_msp.o
      1640          0         18          0          0       8022   stm32f1xx_hal_rcc.o
       506         20          0          0          0       3626   stm32f1xx_hal_rcc_ex.o
      1116          0          0          0          0      23509   stm32f1xx_hal_spi.o
      2104          6          0          0          0      58526   stm32f1xx_hal_tim.o
       206          0          0          0          0      21167   stm32f1xx_hal_tim_ex.o
      2374          0          0          0          0      33107   stm32f1xx_hal_uart.o
       110          0          0          0          0       8381   stm32f1xx_it.o
         2          0         24          4          0       1536   system_stm32f1xx.o
       750          0          0          4        168       8514   tim.o
      2246        196        592          0        224      13500   usart.o

    ----------------------------------------------------------------------
     24942        314       1192         24       2208     300235   Object Totals
         0          0         32          0          0          0   (incl. Generated)
       192          0          3          0          0          0   (incl. Padding)

    ----------------------------------------------------------------------

      Code (inc. data)   RO Data    RW Data    ZI Data      Debug   Library Member Name

         0          0       2052          0          0       6294   arm_common_tables.o
       172          0          0          0          0        962   arm_cos_f32.o
       456          0          0          0          0       1364   arm_sin_cos_f32.o
       164          0          0          0          0        957   arm_sin_f32.o
        44          0          0          0          0         80   sqrtf.o
        56          8          0          0          0         84   __0sscanf.o
        28          0          0          0          0         68   _chval.o
       812          4          0          0          0        112   _scanf.o
       332          0          0          0          0         96   _scanf_int.o
        64          0          0          0          0         84   _sgetc.o
        40          6         64          0          0         68   ctype_c.o
         0          0          0          0          0          0   entry.o
         0          0          0          0          0          0   entry10a.o
         0          0          0          0          0          0   entry11a.o
         8          4          0          0          0          0   entry2.o
         4          0          0          0          0          0   entry5.o
         0          0          0          0          0          0   entry7b.o
         0          0          0          0          0          0   entry8b.o
         8          4          0          0          0          0   entry9a.o
        12          6          0          4          0         68   errno.o
        30          0          0          0          0          0   handlers.o
        48         10          0          0          0         68   init.o
        10          0          0          0          0         68   isspace_c.o
         0          0          0          0          0          0   iusefp.o
        30          0          0          0          0         68   llshl.o
        36          0          0          0          0         68   llsshr.o
        32          0          0          0          0         68   llushr.o
        26          0          0          0          0         80   memcmp.o
        36          0          0          0          0         68   memcpya.o
        36          0          0          0          0        108   memseta.o
      2332         94          0          0          0        608   printfa.o
        40          8          0          0          0         84   scanf_char.o
       878         12          0          0          0        216   scanf_fp.o
         0          0          0          4          0          0   stdout.o
        12          0          0          0          0         68   toupper.o
        44          0          0          0          0         80   uidiv.o
        98          0          0          0          0         92   uldiv.o
        48          0          0          0          0         68   cdrcmple.o
        56          0          0          0          0         88   d2f.o
       334          0          0          0          0        148   dadd.o
        54          0          0          0          0         80   dcmplt.o
       222          0          0          0          0        100   ddiv.o
       186          0          0          0          0        176   depilogue.o
        48          0          0          0          0         68   dfixul.o
        26          0          0          0          0         76   dfltui.o
        24          0          0          0          0         76   dfltul.o
       228          0          0          0          0         96   dmul.o
        38          0          0          0          0         68   f2d.o
       176          0          0          0          0        140   fadd.o
        28          0          0          0          0         68   fcmpeq.o
        28          0          0          0          0         68   fcmpge.o
        28          0          0          0          0         68   fcmpgt.o
        28          0          0          0          0         68   fcmple.o
        28          0          0          0          0         68   fcmplt.o
       124          0          0          0          0         88   fdiv.o
       110          0          0          0          0        168   fepilogue.o
        50          0          0          0          0         68   ffixi.o
        40          0          0          0          0         68   ffixui.o
        18          0          0          0          0         68   fflti.o
        10          0          0          0          0         68   ffltui.o
       100          0          0          0          0         76   fmul.o
        94          0          0          0          0         96   fsqrt.o

    ----------------------------------------------------------------------
      8026        156       2116          8          0      14205   Library Totals
        12          0          0          0          0          0   (incl. Padding)

    ----------------------------------------------------------------------

      Code (inc. data)   RO Data    RW Data    ZI Data      Debug   Library Name

       792          0       2052          0          0       9577   arm_cortexM3l_math.lib
        44          0          0          0          0         80   m_ws.l
      5052        156         64          8          0       2324   mc_w.l
      2126          0          0          0          0       2224   mf_w.l

    ----------------------------------------------------------------------
      8026        156       2116          8          0      14205   Library Totals

    ----------------------------------------------------------------------

==============================================================================


      Code (inc. data)   RO Data    RW Data    ZI Data      Debug   

     32968        470       3308         32       2208     311348   Grand Totals
     32968        470       3308         32       2208     311348   ELF Image Totals
     32968        470       3308         32          0          0   ROM Totals

==============================================================================

    Total RO  Size (Code + RO Data)                36276 (  35.43kB)
    Total RW  Size (RW Data + ZI Data)              2240 (   2.19kB)
    Total ROM Size (Code + RO Data + RW Data)      36308 (  35.46kB)

==============================================================================

